[00:00:00.029] (20e0cc140) DEBUG  [Add(11, 6), Add(4, 6), Add(2, 6), Add(5, 6), Add(3, 6), Add(9, 6), Add(1, 6), Add(0, 6), Add(8, 6), Add(7, 6), Add(10, 6), Add(6, 6)]
[00:00:00.029] (20e0cc140) DEBUG  Time remaining: 11 ms
[00:00:00.044] (20e0cc140) DEBUG  Frame duration: 19 ms
[00:00:00.044] (20e0cc140) DEBUG  [Add(23, 6), Add(18, 6), Add(17, 6), Add(19, 6), Add(22, 6), Add(12, 6), Add(14, 6), Add(21, 6), Add(15, 6), Add(16, 6), Add(13, 6), Add(20, 6)]
[00:00:00.044] (20e0cc140) DEBUG  Time remaining: 16 ms
[00:00:00.065] (20e0cc140) DEBUG  Frame duration: 20 ms
[00:00:00.065] (20e0cc140) DEBUG  [Add(30, 6), Add(35, 6), Add(31, 6), Add(26, 6), Add(27, 6), Add(34, 6), Add(29, 6), Add(32, 6), Add(33, 6), Add(25, 6), Add(28, 6), Add(24, 6)]
[00:00:00.065] (20e0cc140) DEBUG  Time remaining: 16 ms
[00:00:00.083] (20e0cc140) DEBUG  Frame duration: 18 ms
[00:00:00.083] (20e0cc140) DEBUG  [Add(43, 6), Add(47, 6), Add(40, 6), Add(46, 6), Add(37, 6), Add(45, 6), Add(41, 6), Add(42, 6), Add(39, 6), Add(44, 6), Add(36, 6), Add(38, 6)]
[00:00:00.083] (20e0cc140) DEBUG  Time remaining: 16 ms
[00:00:00.103] (20e0cc140) DEBUG  Frame duration: 20 ms
[00:00:00.104] (20e0cc140) DEBUG  [Add(50, 6), Add(48, 6), Add(59, 6), Add(49, 6), Add(52, 6), Add(53, 6), Add(56, 6), Add(55, 6), Add(51, 6), Add(54, 6), Add(58, 6), Add(57, 6)]
[00:00:00.104] (20e0cc140) DEBUG  Time remaining: 16 ms
[00:00:00.124] (20e0cc140) DEBUG  Frame duration: 20 ms
[00:00:00.124] (20e0cc140) DEBUG  [Add(60, 6), Add(62, 6), Add(61, 6), Add(63, 6), Add(5, 7), Add(6, 7), Add(3, 7), Add(4, 7), Add(2, 7), Add(7, 7), Add(0, 7), Add(1, 7)]
[00:00:00.125] (20e0cc140) DEBUG  Time remaining: 16 ms
[00:00:00.145] (20e0cc140) DEBUG  Frame duration: 20 ms
[00:00:00.145] (20e0cc140) DEBUG  [Add(16, 7), Add(17, 7), Add(19, 7), Add(14, 7), Add(11, 7), Add(15, 7), Add(13, 7), Add(12, 7), Add(9, 7), Add(10, 7), Add(18, 7), Add(8, 7)]
[00:00:00.146] (20e0cc140) DEBUG  Time remaining: 15 ms
[00:00:00.166] (20e0cc140) DEBUG  Frame duration: 20 ms
[00:00:00.166] (20e0cc140) DEBUG  [Add(23, 7), Add(29, 7), Add(26, 7), Add(28, 7), Add(20, 7), Add(31, 7), Add(27, 7), Add(21, 7), Add(30, 7), Add(25, 7), Add(22, 7), Add(24, 7)]
[00:00:00.167] (20e0cc140) DEBUG  Time remaining: 15 ms
[00:00:00.187] (20e0cc140) DEBUG  Frame duration: 20 ms
[00:00:00.187] (20e0cc140) DEBUG  [Add(35, 7), Add(41, 7), Add(37, 7), Add(39, 7), Add(40, 7), Add(33, 7), Add(38, 7), Add(46, 7), Add(45, 7), Add(34, 7), Add(47, 7), Add(36, 7), Add(44, 7), Add(32, 7), Add(42, 7), Add(43, 7)]
[00:00:00.188] (20e0cc140) DEBUG  Time remaining: 15 ms
[00:00:00.207] (20e0cc140) DEBUG  Frame duration: 20 ms
[00:00:00.208] (20e0cc140) DEBUG  [Add(48, 7), Add(52, 7), Add(49, 7), Add(58, 7), Add(56, 7), Add(55, 7), Add(59, 7), Add(51, 7), Add(57, 7), Add(50, 7), Add(54, 7), Add(53, 7)]
[00:00:00.208] (20e0cc140) DEBUG  Time remaining: 15 ms
[00:00:00.228] (20e0cc140) DEBUG  Frame duration: 20 ms
[00:00:00.228] (20e0cc140) DEBUG  [Add(62, 7), Add(61, 7), Add(63, 7), Add(60, 7), Add(1, 8), Add(0, 8), Add(2, 8), Add(3, 8)]
[00:00:00.229] (20e0cc140) DEBUG  Time remaining: 15 ms
[00:00:00.249] (20e0cc140) DEBUG  Frame duration: 20 ms
[00:00:00.250] (20e0cc140) DEBUG  [Add(9, 8), Add(17, 8), Add(13, 8), Add(14, 8), Add(11, 8), Add(4, 8), Add(15, 8), Add(8, 8), Add(18, 8), Add(6, 8), Add(16, 8), Add(5, 8), Add(10, 8), Add(7, 8), Add(19, 8), Add(12, 8)]
[00:00:00.251] (20e0cc140) DEBUG  Time remaining: 14 ms
[00:00:00.269] (20e0cc140) DEBUG  Frame duration: 20 ms
[00:00:00.270] (20e0cc140) DEBUG  [Add(26, 8), Add(21, 8), Add(31, 8), Add(25, 8), Add(22, 8), Add(28, 8), Add(20, 8), Add(29, 8), Add(23, 8), Add(27, 8), Add(24, 8), Add(30, 8)]
[00:00:00.271] (20e0cc140) DEBUG  Time remaining: 15 ms
[00:00:00.290] (20e0cc140) DEBUG  Frame duration: 20 ms
[00:00:00.290] (20e0cc140) DEBUG  [Add(38, 8), Add(40, 8), Add(35, 8), Add(33, 8), Add(39, 8), Add(42, 8), Add(41, 8), Add(43, 8), Add(37, 8), Add(36, 8), Add(32, 8), Add(34, 8)]
[00:00:00.291] (20e0cc140) DEBUG  Time remaining: 15 ms
[00:00:00.311] (20e0cc140) DEBUG  Frame duration: 20 ms
[00:00:00.311] (20e0cc140) DEBUG  [Add(44, 8), Add(46, 8), Add(47, 8), Add(48, 8), Add(54, 8), Add(51, 8), Add(45, 8), Add(53, 8), Add(49, 8), Add(50, 8), Add(52, 8), Add(55, 8)]
[00:00:00.312] (20e0cc140) DEBUG  Time remaining: 15 ms
[00:00:00.331] (20e0cc140) DEBUG  Frame duration: 20 ms
[00:00:00.332] (20e0cc140) DEBUG  [Add(63, 8), Add(59, 8), Add(60, 8), Add(58, 8), Add(57, 8), Add(62, 8), Add(61, 8), Add(56, 8), Add(2, 9), Add(3, 9), Add(1, 9), Add(0, 9)]
[00:00:00.333] (20e0cc140) DEBUG  Time remaining: 15 ms
[00:00:00.350] (20e0cc140) DEBUG  Frame duration: 18 ms
[00:00:00.351] (20e0cc140) DEBUG  [Add(11, 9), Add(15, 9), Add(7, 9), Add(5, 9), Add(12, 9), Add(6, 9), Add(14, 9), Add(10, 9), Add(13, 9), Add(8, 9), Add(9, 9), Add(4, 9)]
[00:00:00.352] (20e0cc140) DEBUG  Time remaining: 14 ms
[00:00:00.371] (20e0cc140) DEBUG  Frame duration: 20 ms
[00:00:00.371] (20e0cc140) DEBUG  [Add(16, 9), Add(24, 9), Add(26, 9), Add(25, 9), Add(21, 9), Add(23, 9), Add(18, 9), Add(27, 9), Add(22, 9), Add(19, 9), Add(20, 9), Add(17, 9)]
[00:00:00.372] (20e0cc140) DEBUG  Time remaining: 15 ms
[00:00:00.391] (20e0cc140) DEBUG  Frame duration: 20 ms
[00:00:00.392] (20e0cc140) DEBUG  [Add(33, 9), Add(28, 9), Add(29, 9), Add(35, 9), Add(38, 9), Add(36, 9), Add(39, 9), Add(32, 9), Add(34, 9), Add(31, 9), Add(37, 9), Add(30, 9)]
[00:00:00.393] (20e0cc140) DEBUG  Time remaining: 14 ms
[00:00:00.412] (20e0cc140) DEBUG  Frame duration: 20 ms
[00:00:00.412] (20e0cc140) DEBUG  [Add(46, 9), Add(51, 9), Add(55, 9), Add(40, 9), Add(45, 9), Add(42, 9), Add(54, 9), Add(49, 9), Add(44, 9), Add(52, 9), Add(41, 9), Add(47, 9), Add(43, 9), Add(53, 9), Add(48, 9), Add(50, 9)]
[00:00:00.413] (20e0cc140) DEBUG  Time remaining: 15 ms
[00:00:00.432] (20e0cc140) DEBUG  Frame duration: 20 ms
[00:00:00.433] (20e0cc140) DEBUG  [Add(56, 9), Add(61, 9), Add(60, 9), Add(62, 9), Add(63, 9), Add(57, 9), Add(58, 9), Add(59, 9)]
[00:00:00.434] (20e0cc140) DEBUG  Time remaining: 15 ms
[00:00:00.453] (20e0cc140) DEBUG  Frame duration: 20 ms
[00:00:00.454] (20e0cc140) DEBUG  [Add(4, 10), Add(5, 10), Add(9, 10), Add(11, 10), Add(1, 10), Add(10, 10), Add(8, 10), Add(6, 10), Add(7, 10), Add(2, 10), Add(3, 10), Add(0, 10)]
[00:00:00.455] (20e0cc140) DEBUG  Time remaining: 15 ms
[00:00:00.473] (20e0cc140) DEBUG  Frame duration: 20 ms
[00:00:00.474] (20e0cc140) DEBUG  [Add(17, 10), Add(14, 10), Add(12, 10), Add(19, 10), Add(24, 10), Add(15, 10), Add(22, 10), Add(18, 10), Add(21, 10), Add(16, 10), Add(13, 10), Add(23, 10), Add(27, 10), Add(26, 10), Add(20, 10), Add(25, 10)]
[00:00:00.475] (20e0cc140) DEBUG  Time remaining: 14 ms
[00:00:00.494] (20e0cc140) DEBUG  Frame duration: 20 ms
[00:00:00.495] (20e0cc140) DEBUG  [Add(32, 10), Add(36, 10), Add(39, 10), Add(30, 10), Add(34, 10), Add(33, 10), Add(28, 10), Add(38, 10), Add(31, 10), Add(29, 10), Add(35, 10), Add(37, 10)]
[00:00:00.496] (20e0cc140) DEBUG  Time remaining: 14 ms
[00:00:00.515] (20e0cc140) DEBUG  Frame duration: 20 ms
[00:00:00.515] (20e0cc140) DEBUG  [Add(45, 10), Add(46, 10), Add(51, 10), Add(47, 10), Add(48, 10), Add(50, 10), Add(42, 10), Add(44, 10), Add(41, 10), Add(43, 10), Add(40, 10), Add(49, 10)]
[00:00:00.516] (20e0cc140) DEBUG  Time remaining: 15 ms
[00:00:00.535] (20e0cc140) DEBUG  Frame duration: 20 ms
[00:00:00.536] (20e0cc140) DEBUG  [Add(58, 10), Add(60, 10), Add(52, 10), Add(59, 10), Add(57, 10), Add(61, 10), Add(53, 10), Add(62, 10), Add(54, 10), Add(63, 10), Add(55, 10), Add(56, 10)]
[00:00:00.537] (20e0cc140) DEBUG  Time remaining: 15 ms
[00:00:00.555] (20e0cc140) DEBUG  Frame duration: 20 ms
[00:00:00.556] (20e0cc140) DEBUG  [Add(10, 11), Add(0, 11), Add(5, 11), Add(3, 11), Add(4, 11), Add(11, 11), Add(7, 11), Add(9, 11), Add(8, 11), Add(2, 11), Add(6, 11), Add(1, 11)]
[00:00:00.557] (20e0cc140) DEBUG  Time remaining: 14 ms
[00:00:00.576] (20e0cc140) DEBUG  Frame duration: 20 ms
[00:00:00.577] (20e0cc140) DEBUG  [Add(17, 11), Add(19, 11), Add(20, 11), Add(15, 11), Add(23, 11), Add(16, 11), Add(14, 11), Add(13, 11), Add(18, 11), Add(22, 11), Add(21, 11), Add(12, 11)]
[00:00:00.578] (20e0cc140) DEBUG  Time remaining: 14 ms
[00:00:00.596] (20e0cc140) DEBUG  Frame duration: 20 ms
[00:00:00.597] (20e0cc140) DEBUG  [Add(34, 11), Add(35, 11), Add(33, 11), Add(28, 11), Add(31, 11), Add(25, 11), Add(26, 11), Add(24, 11), Add(27, 11), Add(29, 11), Add(32, 11), Add(30, 11)]
[00:00:00.598] (20e0cc140) DEBUG  Time remaining: 14 ms
[00:00:00.614] (20e0cc140) DEBUG  Frame duration: 17 ms
[00:00:00.615] (20e0cc140) DEBUG  [Add(39, 11), Add(43, 11), Add(36, 11), Add(37, 11), Add(40, 11), Add(44, 11), Add(46, 11), Add(41, 11), Add(45, 11), Add(47, 11), Add(42, 11), Add(38, 11)]
[00:00:00.616] (20e0cc140) DEBUG  Time remaining: 14 ms
[00:00:00.634] (20e0cc140) DEBUG  Frame duration: 20 ms
[00:00:00.636] (20e0cc140) DEBUG  [Add(56, 11), Add(61, 11), Add(51, 11), Add(54, 11), Add(60, 11), Add(48, 11), Add(63, 11), Add(49, 11), Add(52, 11), Add(53, 11), Add(57, 11), Add(59, 11), Add(55, 11), Add(58, 11), Add(50, 11), Add(62, 11)]
[00:00:00.637] (20e0cc140) DEBUG  Time remaining: 14 ms
[00:00:00.654] (20e0cc140) DEBUG  Frame duration: 19 ms
[00:00:00.655] (20e0cc140) DEBUG  [Add(2, 12), Add(0, 12), Add(3, 12), Add(5, 12), Add(6, 12), Add(4, 12), Add(1, 12), Add(7, 12)]
[00:00:00.656] (20e0cc140) DEBUG  Time remaining: 14 ms
[00:00:00.675] (20e0cc140) DEBUG  Frame duration: 20 ms
[00:00:00.676] (20e0cc140) DEBUG  [Add(9, 12), Add(10, 12), Add(14, 12), Add(13, 12), Add(16, 12), Add(15, 12), Add(19, 12), Add(12, 12), Add(11, 12), Add(8, 12), Add(18, 12), Add(17, 12)]
[00:00:00.677] (20e0cc140) DEBUG  Time remaining: 14 ms
[00:00:00.695] (20e0cc140) DEBUG  Frame duration: 20 ms
[00:00:00.696] (20e0cc140) DEBUG  [Add(33, 12), Add(27, 12), Add(24, 12), Add(26, 12), Add(30, 12), Add(29, 12), Add(23, 12), Add(31, 12), Add(25, 12), Add(22, 12), Add(34, 12), Add(21, 12), Add(35, 12), Add(32, 12), Add(20, 12), Add(28, 12)]
[00:00:00.698] (20e0cc140) DEBUG  Time remaining: 14 ms
[00:00:00.716] (20e0cc140) DEBUG  Frame duration: 20 ms
[00:00:00.717] (20e0cc140) DEBUG  [Add(44, 12), Add(47, 12), Add(39, 12), Add(40, 12), Add(36, 12), Add(43, 12), Add(42, 12), Add(41, 12), Add(45, 12), Add(37, 12), Add(46, 12), Add(38, 12)]
[00:00:00.718] (20e0cc140) DEBUG  Time remaining: 14 ms
[00:00:00.736] (20e0cc140) DEBUG  Frame duration: 20 ms
[00:00:00.738] (20e0cc140) DEBUG  [Add(53, 12), Add(48, 12), Add(55, 12), Add(59, 12), Add(51, 12), Add(54, 12), Add(56, 12), Add(49, 12), Add(50, 12), Add(52, 12), Add(57, 12), Add(58, 12)]
[00:00:00.738] (20e0cc140) DEBUG  Time remaining: 14 ms
[00:00:00.757] (20e0cc140) DEBUG  Frame duration: 20 ms
[00:00:00.759] (20e0cc140) DEBUG  [Add(62, 12), Add(61, 12), Add(63, 12), Add(60, 12), Add(1, 13), Add(7, 13), Add(5, 13), Add(6, 13), Add(2, 13), Add(4, 13), Add(0, 13), Add(3, 13)]
[00:00:00.759] (20e0cc140) DEBUG  Time remaining: 14 ms
[00:00:00.777] (20e0cc140) DEBUG  Frame duration: 20 ms
[00:00:00.778] (20e0cc140) DEBUG  [Add(18, 13), Add(13, 13), Add(14, 13), Add(17, 13), Add(19, 13), Add(11, 13), Add(10, 13), Add(16, 13), Add(9, 13), Add(8, 13), Add(15, 13), Add(12, 13)]
[00:00:00.779] (20e0cc140) DEBUG  Time remaining: 14 ms
[00:00:00.798] (20e0cc140) DEBUG  Frame duration: 20 ms
[00:00:00.799] (20e0cc140) DEBUG  [Add(28, 13), Add(29, 13), Add(26, 13), Add(24, 13), Add(20, 13), Add(23, 13), Add(22, 13), Add(27, 13), Add(30, 13), Add(31, 13), Add(21, 13), Add(25, 13)]
[00:00:00.800] (20e0cc140) DEBUG  Time remaining: 14 ms
[00:00:00.818] (20e0cc140) DEBUG  Frame duration: 20 ms
[00:00:00.819] (20e0cc140) DEBUG  [Add(36, 13), Add(34, 13), Add(40, 13), Add(39, 13), Add(35, 13), Add(41, 13), Add(33, 13), Add(38, 13), Add(32, 13), Add(42, 13), Add(37, 13), Add(43, 13)]
[00:00:00.820] (20e0cc140) DEBUG  Time remaining: 14 ms
[00:00:00.839] (20e0cc140) DEBUG  Frame duration: 20 ms
[00:00:00.840] (20e0cc140) DEBUG  [Add(52, 13), Add(47, 13), Add(49, 13), Add(54, 13), Add(46, 13), Add(48, 13), Add(55, 13), Add(50, 13), Add(44, 13), Add(53, 13), Add(51, 13), Add(45, 13)]
[00:00:00.841] (20e0cc140) DEBUG  Time remaining: 14 ms
[00:00:00.859] (20e0cc140) DEBUG  Frame duration: 20 ms
[00:00:00.861] (20e0cc140) DEBUG  [Add(58, 13), Add(59, 13), Add(61, 13), Add(62, 13), Add(60, 13), Add(57, 13), Add(63, 13), Add(56, 13), Add(0, 14), Add(2, 14), Add(1, 14), Add(3, 14)]
[00:00:00.861] (20e0cc140) DEBUG  Time remaining: 14 ms
[00:00:00.880] (20e0cc140) DEBUG  Frame duration: 20 ms
[00:00:00.881] (20e0cc140) DEBUG  [Add(14, 14), Add(7, 14), Add(12, 14), Add(15, 14), Add(5, 14), Add(10, 14), Add(6, 14), Add(8, 14), Add(11, 14), Add(13, 14), Add(9, 14), Add(4, 14)]
[00:00:00.882] (20e0cc140) DEBUG  Time remaining: 14 ms
[00:00:00.900] (20e0cc140) DEBUG  Frame duration: 20 ms
[00:00:00.902] (20e0cc140) DEBUG  [Add(25, 14), Add(20, 14), Add(26, 14), Add(19, 14), Add(22, 14), Add(16, 14), Add(18, 14), Add(27, 14), Add(17, 14), Add(23, 14), Add(21, 14), Add(24, 14)]
[00:00:00.903] (20e0cc140) DEBUG  Time remaining: 14 ms
[00:00:00.919] (20e0cc140) DEBUG  Frame duration: 18 ms
[00:00:00.920] (20e0cc140) DEBUG  [Add(28, 14), Add(40, 14), Add(31, 14), Add(41, 14), Add(29, 14), Add(37, 14), Add(35, 14), Add(42, 14), Add(33, 14), Add(36, 14), Add(38, 14), Add(39, 14), Add(43, 14), Add(34, 14), Add(32, 14), Add(30, 14)]
[00:00:00.921] (20e0cc140) DEBUG  Time remaining: 13 ms
[00:00:00.939] (20e0cc140) DEBUG  Frame duration: 20 ms
[00:00:00.941] (20e0cc140) DEBUG  [Add(48, 14), Add(53, 14), Add(44, 14), Add(55, 14), Add(50, 14), Add(49, 14), Add(54, 14), Add(47, 14), Add(45, 14), Add(52, 14), Add(51, 14), Add(46, 14)]
[00:00:00.941] (20e0cc140) DEBUG  Time remaining: 14 ms
[00:00:00.960] (20e0cc140) DEBUG  Frame duration: 20 ms
[00:00:00.961] (20e0cc140) DEBUG  [Add(62, 14), Add(57, 14), Add(63, 14), Add(61, 14), Add(56, 14), Add(59, 14), Add(60, 14), Add(58, 14)]
[00:00:00.962] (20e0cc140) DEBUG  Time remaining: 14 ms
[00:00:00.980] (20e0cc140) DEBUG  Frame duration: 20 ms
[00:00:00.982] (20e0cc140) DEBUG  [Add(3, 15), Add(0, 15), Add(13, 15), Add(12, 15), Add(9, 15), Add(5, 15), Add(10, 15), Add(14, 15), Add(1, 15), Add(7, 15), Add(15, 15), Add(11, 15), Add(4, 15), Add(8, 15), Add(2, 15), Add(6, 15)]
[00:00:00.982] (20e0cc140) DEBUG  Time remaining: 14 ms
[00:00:01.000] (20e0cc140) DEBUG  Frame duration: 19 ms
[00:00:01.002] (20e0cc140) DEBUG  [Add(16, 15), Add(27, 15), Add(25, 15), Add(20, 15), Add(18, 15), Add(19, 15), Add(24, 15), Add(26, 15), Add(17, 15), Add(23, 15), Add(22, 15), Add(21, 15)]
[00:00:01.003] (20e0cc140) DEBUG  Time remaining: 14 ms
[00:00:01.020] (20e0cc140) DEBUG  Frame duration: 19 ms
[00:00:01.021] (20e0cc140) DEBUG  [Add(31, 15), Add(35, 15), Add(32, 15), Add(28, 15), Add(37, 15), Add(29, 15), Add(36, 15), Add(34, 15), Add(39, 15), Add(30, 15), Add(33, 15), Add(38, 15)]
[00:00:01.022] (20e0cc140) DEBUG  Time remaining: 14 ms
[00:00:01.041] (20e0cc140) DEBUG  Frame duration: 20 ms
[00:00:01.042] (20e0cc140) DEBUG  [Add(41, 15), Add(48, 15), Add(50, 15), Add(44, 15), Add(40, 15), Add(51, 15), Add(45, 15), Add(43, 15), Add(42, 15), Add(47, 15), Add(49, 15), Add(46, 15)]
[00:00:01.043] (20e0cc140) DEBUG  Time remaining: 14 ms
[00:00:01.059] (20e0cc140) DEBUG  Frame duration: 18 ms
[00:00:01.061] (20e0cc140) DEBUG  [Add(54, 15), Add(55, 15), Add(53, 15), Add(62, 15), Add(63, 15), Add(56, 15), Add(59, 15), Add(61, 15), Add(57, 15), Add(60, 15), Add(52, 15), Add(58, 15)]
[00:00:01.062] (20e0cc140) DEBUG  Time remaining: 14 ms
[00:00:01.080] (20e0cc140) DEBUG  Frame duration: 20 ms
[00:00:01.081] (20e0cc140) DEBUG  [Add(0, 16), Add(6, 16), Add(10, 16), Add(8, 16), Add(3, 16), Add(5, 16), Add(7, 16), Add(4, 16), Add(2, 16), Add(1, 16), Add(9, 16), Add(11, 16)]
[00:00:01.082] (20e0cc140) DEBUG  Time remaining: 13 ms
[00:00:01.100] (20e0cc140) DEBUG  Frame duration: 20 ms
[00:00:01.102] (20e0cc140) DEBUG  [Add(14, 16), Add(23, 16), Add(17, 16), Add(18, 16), Add(22, 16), Add(13, 16), Add(16, 16), Add(20, 16), Add(15, 16), Add(21, 16), Add(12, 16), Add(19, 16)]
[00:00:01.103] (20e0cc140) DEBUG  Time remaining: 14 ms
[00:00:01.120] (20e0cc140) DEBUG  Frame duration: 20 ms
[00:00:01.122] (20e0cc140) DEBUG  [Add(24, 16), Add(25, 16), Add(34, 16), Add(26, 16), Add(27, 16), Add(35, 16), Add(33, 16), Add(32, 16), Add(28, 16), Add(30, 16), Add(29, 16), Add(31, 16)]
[00:00:01.123] (20e0cc140) DEBUG  Time remaining: 14 ms
[00:00:01.141] (20e0cc140) DEBUG  Frame duration: 20 ms
[00:00:01.143] (20e0cc140) DEBUG  [Add(39, 16), Add(40, 16), Add(48, 16), Add(46, 16), Add(41, 16), Add(43, 16), Add(38, 16), Add(49, 16), Add(36, 16), Add(47, 16), Add(50, 16), Add(51, 16), Add(42, 16), Add(45, 16), Add(44, 16), Add(37, 16)]
[00:00:01.144] (20e0cc140) DEBUG  Time remaining: 14 ms
[00:00:01.161] (20e0cc140) DEBUG  Frame duration: 20 ms
[00:00:01.163] (20e0cc140) DEBUG  [Add(58, 16), Add(63, 16), Add(52, 16), Add(61, 16), Add(57, 16), Add(54, 16), Add(62, 16), Add(55, 16), Add(60, 16), Add(53, 16), Add(59, 16), Add(56, 16)]
[00:00:01.164] (20e0cc140) DEBUG  Time remaining: 13 ms
[00:00:01.179] (20e0cc140) DEBUG  Frame duration: 17 ms
[00:00:01.181] (20e0cc140) DEBUG  [Add(7, 17), Add(3, 17), Add(5, 17), Add(2, 17), Add(0, 17), Add(6, 17), Add(4, 17), Add(1, 17)]
[00:00:01.182] (20e0cc140) DEBUG  Time remaining: 14 ms
[00:00:01.199] (20e0cc140) DEBUG  Frame duration: 20 ms
[00:00:01.202] (20e0cc140) DEBUG  [Add(9, 17), Add(14, 17), Add(18, 17), Add(21, 17), Add(20, 17), Add(10, 17), Add(19, 17), Add(11, 17), Add(23, 17), Add(13, 17), Add(17, 17), Add(15, 17), Add(12, 17), Add(22, 17), Add(16, 17), Add(8, 17)]
[00:00:01.203] (20e0cc140) DEBUG  Time remaining: 13 ms
[00:00:01.220] (20e0cc140) DEBUG  Frame duration: 19 ms
[00:00:01.221] (20e0cc140) DEBUG  [Add(24, 17), Add(35, 17), Add(32, 17), Add(25, 17), Add(33, 17), Add(30, 17), Add(31, 17), Add(29, 17), Add(28, 17), Add(27, 17), Add(26, 17), Add(34, 17)]
[00:00:01.222] (20e0cc140) DEBUG  Time remaining: 14 ms
[00:00:01.240] (20e0cc140) DEBUG  Frame duration: 20 ms
[00:00:01.242] (20e0cc140) DEBUG  [Add(42, 17), Add(43, 17), Add(45, 17), Add(37, 17), Add(41, 17), Add(38, 17), Add(40, 17), Add(47, 17), Add(44, 17), Add(46, 17), Add(39, 17), Add(36, 17)]
[00:00:01.243] (20e0cc140) DEBUG  Time remaining: 13 ms
[00:00:01.259] (20e0cc140) DEBUG  Frame duration: 18 ms
[00:00:01.261] (20e0cc140) DEBUG  [Add(52, 17), Add(53, 17), Add(51, 17), Add(49, 17), Add(54, 17), Add(56, 17), Add(48, 17), Add(59, 17), Add(50, 17), Add(55, 17), Add(58, 17), Add(57, 17)]
[00:00:01.262] (20e0cc140) DEBUG  Time remaining: 14 ms
[00:00:01.278] (20e0cc140) DEBUG  Frame duration: 18 ms
[00:00:01.280] (20e0cc140) DEBUG  [Add(62, 17), Add(60, 17), Add(63, 17), Add(61, 17), Add(32, 31), Add(37, 31), Add(34, 31), Add(35, 31), Add(36, 31), Add(33, 31)]
[00:00:01.281] (20e0cc140) DEBUG  Time remaining: 14 ms
[00:00:01.299] (20e0cc140) DEBUG  Frame duration: 20 ms
[00:00:01.300] (20e0cc140) DEBUG  [Add(58, 0), Add(2, 0), Add(55, 0), Add(56, 0), Add(4, 0), Add(61, 0), Add(57, 0), Add(8, 0), Add(63, 0), Add(6, 0), Add(0, 0), Add(60, 0), Add(62, 0), Add(55, 1), Add(58, 1), Add(60, 1), Add(63, 1), Add(60, 2), Add(63, 2), Add(55, 2), Add(58, 2), Add(63, 3), Add(58, 3), Add(60, 3), Add(55, 3), Add(56, 4), Add(58, 4), Add(62, 4), Add(63, 4), Add(61, 4), Add(60, 4), Add(57, 4), Add(55, 4)]
[00:00:01.303] (20e0cc140) DEBUG  Time remaining: 12 ms
[00:00:01.319] (20e0cc140) DEBUG  Frame duration: 19 ms
[00:00:01.320] (20e0cc140) DEBUG  []
[00:00:01.321] (20e0cc140) DEBUG  Time remaining: 14 ms
[00:00:01.339] (20e0cc140) DEBUG  Frame duration: 20 ms
[00:00:01.342] (20e0cc140) DEBUG  []
[00:00:01.342] (20e0cc140) DEBUG  Time remaining: 14 ms
[00:00:01.360] (20e0cc140) DEBUG  Frame duration: 20 ms
[00:00:01.363] (20e0cc140) DEBUG  []
[00:00:01.363] (20e0cc140) DEBUG  Time remaining: 13 ms
[00:00:01.379] (20e0cc140) DEBUG  Frame duration: 19 ms
[00:00:01.382] (20e0cc140) DEBUG  []
[00:00:01.382] (20e0cc140) DEBUG  Time remaining: 13 ms
[00:00:01.399] (20e0cc140) DEBUG  Frame duration: 19 ms
[00:00:01.403] (20e0cc140) DEBUG  []
[00:00:01.403] (20e0cc140) DEBUG  Time remaining: 12 ms
[00:00:01.416] (20e0cc140) DEBUG  Frame duration: 16 ms
[00:00:01.420] (20e0cc140) DEBUG  []
[00:00:01.420] (20e0cc140) DEBUG  Time remaining: 13 ms
[00:00:01.436] (20e0cc140) DEBUG  Frame duration: 19 ms
[00:00:01.440] (20e0cc140) DEBUG  []
[00:00:01.440] (20e0cc140) DEBUG  Time remaining: 12 ms
[00:00:01.455] (20e0cc140) DEBUG  Frame duration: 18 ms
[00:00:01.457] (20e0cc140) DEBUG  []
[00:00:01.458] (20e0cc140) DEBUG  Time remaining: 14 ms
[00:00:01.474] (20e0cc140) DEBUG  Frame duration: 18 ms
[00:00:01.478] (20e0cc140) DEBUG  []
[00:00:01.478] (20e0cc140) DEBUG  Time remaining: 12 ms
[00:00:01.494] (20e0cc140) DEBUG  Frame duration: 19 ms
[00:00:01.498] (20e0cc140) DEBUG  []
[00:00:01.498] (20e0cc140) DEBUG  Time remaining: 12 ms
[00:00:01.512] (20e0cc140) DEBUG  Frame duration: 17 ms
[00:00:01.515] (20e0cc140) DEBUG  []
[00:00:01.516] (20e0cc140) DEBUG  Time remaining: 13 ms
[00:00:01.529] (20e0cc140) DEBUG  Frame duration: 16 ms
[00:00:01.531] (20e0cc140) DEBUG  []
[00:00:01.531] (20e0cc140) DEBUG  Time remaining: 14 ms
[00:00:01.550] (20e0cc140) DEBUG  Frame duration: 20 ms
[00:00:01.553] (20e0cc140) DEBUG  []
[00:00:01.553] (20e0cc140) DEBUG  Time remaining: 13 ms
[00:00:01.568] (20e0cc140) DEBUG  Frame duration: 18 ms
[00:00:01.571] (20e0cc140) DEBUG  []
[00:00:01.571] (20e0cc140) DEBUG  Time remaining: 13 ms
[00:00:01.587] (20e0cc140) DEBUG  Frame duration: 18 ms
[00:00:01.590] (20e0cc140) DEBUG  []
[00:00:01.591] (20e0cc140) DEBUG  Time remaining: 13 ms
[00:00:01.607] (20e0cc140) DEBUG  Frame duration: 19 ms
[00:00:01.611] (20e0cc140) DEBUG  []
[00:00:01.611] (20e0cc140) DEBUG  Time remaining: 13 ms
[00:00:01.626] (20e0cc140) DEBUG  Frame duration: 18 ms
[00:00:01.629] (20e0cc140) DEBUG  []
[00:00:01.629] (20e0cc140) DEBUG  Time remaining: 13 ms
[00:00:01.646] (20e0cc140) DEBUG  Frame duration: 19 ms
[00:00:01.649] (20e0cc140) DEBUG  []
[00:00:01.650] (20e0cc140) DEBUG  Time remaining: 12 ms
[00:00:01.666] (20e0cc140) DEBUG  Frame duration: 19 ms
[00:00:01.669] (20e0cc140) DEBUG  []
[00:00:01.670] (20e0cc140) DEBUG  Time remaining: 13 ms
[00:00:01.686] (20e0cc140) DEBUG  Frame duration: 19 ms
[00:00:01.690] (20e0cc140) DEBUG  []
[00:00:01.690] (20e0cc140) DEBUG  Time remaining: 12 ms
[00:00:01.707] (20e0cc140) DEBUG  Frame duration: 19 ms
[00:00:01.709] (20e0cc140) DEBUG  []
[00:00:01.710] (20e0cc140) DEBUG  Time remaining: 13 ms
[00:00:01.727] (20e0cc140) DEBUG  Frame duration: 20 ms
[00:00:01.730] (20e0cc140) DEBUG  []
[00:00:01.730] (20e0cc140) DEBUG  Time remaining: 13 ms
[00:00:01.746] (20e0cc140) DEBUG  Frame duration: 18 ms
[00:00:01.749] (20e0cc140) DEBUG  []
[00:00:01.750] (20e0cc140) DEBUG  Time remaining: 12 ms
[00:00:01.766] (20e0cc140) DEBUG  Frame duration: 19 ms
[00:00:01.770] (20e0cc140) DEBUG  []
[00:00:01.770] (20e0cc140) DEBUG  Time remaining: 12 ms
[00:00:01.786] (20e0cc140) DEBUG  Frame duration: 19 ms
[00:00:01.790] (20e0cc140) DEBUG  []
[00:00:01.790] (20e0cc140) DEBUG  Time remaining: 13 ms
[00:00:01.807] (20e0cc140) DEBUG  Frame duration: 19 ms
[00:00:01.810] (20e0cc140) DEBUG  []
[00:00:01.810] (20e0cc140) DEBUG  Time remaining: 13 ms
[00:00:01.827] (20e0cc140) DEBUG  Frame duration: 19 ms
[00:00:01.830] (20e0cc140) DEBUG  []
[00:00:01.830] (20e0cc140) DEBUG  Time remaining: 13 ms
[00:00:01.847] (20e0cc140) DEBUG  Frame duration: 19 ms
[00:00:01.849] (20e0cc140) DEBUG  []
[00:00:01.849] (20e0cc140) DEBUG  Time remaining: 14 ms
[00:00:01.867] (20e0cc140) DEBUG  Frame duration: 20 ms
[00:00:01.870] (20e0cc140) DEBUG  []
[00:00:01.870] (20e0cc140) DEBUG  Time remaining: 13 ms
[00:00:01.888] (20e0cc140) DEBUG  Frame duration: 20 ms
[00:00:01.891] (20e0cc140) DEBUG  []
[00:00:01.891] (20e0cc140) DEBUG  Time remaining: 13 ms
[00:00:01.908] (20e0cc140) DEBUG  Frame duration: 19 ms
[00:00:01.911] (20e0cc140) DEBUG  []
[00:00:01.911] (20e0cc140) DEBUG  Time remaining: 12 ms
[00:00:01.928] (20e0cc140) DEBUG  Frame duration: 19 ms
[00:00:01.931] (20e0cc140) DEBUG  []
[00:00:01.931] (20e0cc140) DEBUG  Time remaining: 13 ms
[00:00:01.948] (20e0cc140) DEBUG  Frame duration: 19 ms
[00:00:01.950] (20e0cc140) DEBUG  []
[00:00:01.951] (20e0cc140) DEBUG  Time remaining: 14 ms
[00:00:01.968] (20e0cc140) DEBUG  Frame duration: 18 ms
[00:00:01.971] (20e0cc140) DEBUG  []
[00:00:01.971] (20e0cc140) DEBUG  Time remaining: 13 ms
[00:00:01.986] (20e0cc140) DEBUG  Frame duration: 17 ms
[00:00:01.988] (20e0cc140) DEBUG  []
[00:00:01.988] (20e0cc140) DEBUG  Time remaining: 14 ms
[00:00:02.005] (20e0cc140) DEBUG  Frame duration: 18 ms
[00:00:02.007] (20e0cc140) DEBUG  []
[00:00:02.007] (20e0cc140) DEBUG  Time remaining: 14 ms
[00:00:02.026] (20e0cc140) DEBUG  Frame duration: 20 ms
[00:00:02.029] (20e0cc140) DEBUG  []
[00:00:02.029] (20e0cc140) DEBUG  Time remaining: 13 ms
[00:00:02.046] (20e0cc140) DEBUG  Frame duration: 19 ms
[00:00:02.049] (20e0cc140) DEBUG  []
[00:00:02.050] (20e0cc140) DEBUG  Time remaining: 12 ms
[00:00:02.064] (20e0cc140) DEBUG  Frame duration: 17 ms
[00:00:02.067] (20e0cc140) DEBUG  []
[00:00:02.067] (20e0cc140) DEBUG  Time remaining: 13 ms
[00:00:02.084] (20e0cc140) DEBUG  Frame duration: 19 ms
[00:00:02.087] (20e0cc140) DEBUG  []
[00:00:02.087] (20e0cc140) DEBUG  Time remaining: 13 ms
[00:00:02.104] (20e0cc140) DEBUG  Frame duration: 19 ms
[00:00:02.107] (20e0cc140) DEBUG  []
[00:00:02.107] (20e0cc140) DEBUG  Time remaining: 13 ms
[00:00:02.124] (20e0cc140) DEBUG  Frame duration: 19 ms
[00:00:02.127] (20e0cc140) DEBUG  []
[00:00:02.128] (20e0cc140) DEBUG  Time remaining: 12 ms
[00:00:02.144] (20e0cc140) DEBUG  Frame duration: 19 ms
[00:00:02.148] (20e0cc140) DEBUG  []
[00:00:02.148] (20e0cc140) DEBUG  Time remaining: 12 ms
[00:00:02.164] (20e0cc140) DEBUG  Frame duration: 19 ms
[00:00:02.168] (20e0cc140) DEBUG  []
[00:00:02.168] (20e0cc140) DEBUG  Time remaining: 13 ms
[00:00:02.181] (20e0cc140) DEBUG  Frame duration: 16 ms
[00:00:02.185] (20e0cc140) DEBUG  []
[00:00:02.185] (20e0cc140) DEBUG  Time remaining: 12 ms
[00:00:02.202] (20e0cc140) DEBUG  Frame duration: 19 ms
[00:00:02.205] (20e0cc140) DEBUG  []
[00:00:02.205] (20e0cc140) DEBUG  Time remaining: 13 ms
[00:00:02.219] (20e0cc140) DEBUG  Frame duration: 17 ms
[00:00:02.223] (20e0cc140) DEBUG  []
[00:00:02.223] (20e0cc140) DEBUG  Time remaining: 13 ms
[00:00:02.238] (20e0cc140) DEBUG  Frame duration: 18 ms
[00:00:02.242] (20e0cc140) DEBUG  []
[00:00:02.242] (20e0cc140) DEBUG  Time remaining: 13 ms
[00:00:02.256] (20e0cc140) DEBUG  Frame duration: 17 ms
[00:00:02.260] (20e0cc140) DEBUG  []
[00:00:02.260] (20e0cc140) DEBUG  Time remaining: 13 ms
[00:00:02.274] (20e0cc140) DEBUG  Frame duration: 17 ms
[00:00:02.278] (20e0cc140) DEBUG  []
[00:00:02.278] (20e0cc140) DEBUG  Time remaining: 13 ms
[00:00:02.294] (20e0cc140) DEBUG  Frame duration: 19 ms
[00:00:02.298] (20e0cc140) DEBUG  []
[00:00:02.298] (20e0cc140) DEBUG  Time remaining: 12 ms
[00:00:02.315] (20e0cc140) DEBUG  Frame duration: 19 ms
[00:00:02.318] (20e0cc140) DEBUG  []
[00:00:02.318] (20e0cc140) DEBUG  Time remaining: 13 ms
[00:00:02.333] (20e0cc140) DEBUG  Frame duration: 17 ms
[00:00:02.336] (20e0cc140) DEBUG  []
[00:00:02.337] (20e0cc140) DEBUG  Time remaining: 12 ms
[00:00:02.353] (20e0cc140) DEBUG  Frame duration: 19 ms
[00:00:02.357] (20e0cc140) DEBUG  []
[00:00:02.357] (20e0cc140) DEBUG  Time remaining: 13 ms
[00:00:02.374] (20e0cc140) DEBUG  Frame duration: 19 ms
[00:00:02.377] (20e0cc140) DEBUG  []
[00:00:02.377] (20e0cc140) DEBUG  Time remaining: 13 ms
[00:00:02.394] (20e0cc140) DEBUG  Frame duration: 19 ms
[00:00:02.397] (20e0cc140) DEBUG  []
[00:00:02.397] (20e0cc140) DEBUG  Time remaining: 13 ms
[00:00:02.414] (20e0cc140) DEBUG  Frame duration: 19 ms
[00:00:02.417] (20e0cc140) DEBUG  []
[00:00:02.417] (20e0cc140) DEBUG  Time remaining: 13 ms
[00:00:02.434] (20e0cc140) DEBUG  Frame duration: 19 ms
[00:00:02.437] (20e0cc140) DEBUG  []
[00:00:02.438] (20e0cc140) DEBUG  Time remaining: 13 ms
[00:00:02.454] (20e0cc140) DEBUG  Frame duration: 19 ms
[00:00:02.457] (20e0cc140) DEBUG  []
[00:00:02.458] (20e0cc140) DEBUG  Time remaining: 13 ms
[00:00:02.473] (20e0cc140) DEBUG  Frame duration: 18 ms
[00:00:02.476] (20e0cc140) DEBUG  []
[00:00:02.476] (20e0cc140) DEBUG  Time remaining: 13 ms
[00:00:02.493] (20e0cc140) DEBUG  Frame duration: 19 ms
[00:00:02.496] (20e0cc140) DEBUG  []
[00:00:02.496] (20e0cc140) DEBUG  Time remaining: 12 ms
[00:00:02.513] (20e0cc140) DEBUG  Frame duration: 19 ms
[00:00:02.517] (20e0cc140) DEBUG  []
[00:00:02.517] (20e0cc140) DEBUG  Time remaining: 12 ms
[00:00:02.533] (20e0cc140) DEBUG  Frame duration: 19 ms
[00:00:02.535] (20e0cc140) DEBUG  []
[00:00:02.535] (20e0cc140) DEBUG  Time remaining: 14 ms
[00:00:02.551] (20e0cc140) DEBUG  Frame duration: 17 ms
[00:00:02.554] (20e0cc140) DEBUG  [Add(12, 30), Remove(34, 31), Remove(32, 31), Remove(35, 31), Remove(36, 31), Remove(37, 31), Remove(33, 31)]
[00:00:02.555] (20e0cc140) DEBUG  Time remaining: 12 ms
[00:00:02.570] (20e0cc140) DEBUG  Frame duration: 18 ms
[00:00:02.571] (20e0cc140) DEBUG  [Add(13, 29), Remove(12, 30), Add(34, 31), Add(33, 31), Add(32, 31), Add(35, 31), Add(37, 31), Add(36, 31)]
[00:00:02.572] (20e0cc140) DEBUG  Time remaining: 14 ms
[00:00:02.590] (20e0cc140) DEBUG  Frame duration: 20 ms
[00:00:02.592] (20e0cc140) DEBUG  [Remove(13, 29)]
[00:00:02.592] (20e0cc140) DEBUG  Time remaining: 14 ms
[00:00:02.611] (20e0cc140) DEBUG  Frame duration: 20 ms
[00:00:02.613] (20e0cc140) DEBUG  [Add(14, 28), Remove(32, 31), Remove(35, 31), Remove(36, 31), Remove(34, 31), Remove(37, 31), Remove(33, 31)]
[00:00:02.613] (20e0cc140) DEBUG  Time remaining: 14 ms
[00:00:02.631] (20e0cc140) DEBUG  Frame duration: 20 ms
[00:00:02.633] (20e0cc140) DEBUG  [Remove(14, 28), Add(34, 31), Add(35, 31), Add(32, 31), Add(37, 31), Add(36, 31), Add(33, 31)]
[00:00:02.633] (20e0cc140) DEBUG  Time remaining: 14 ms
[00:00:02.652] (20e0cc140) DEBUG  Frame duration: 20 ms
[00:00:02.653] (20e0cc140) DEBUG  []
[00:00:02.654] (20e0cc140) DEBUG  Time remaining: 14 ms
[00:00:02.672] (20e0cc140) DEBUG  Frame duration: 20 ms
[00:00:02.674] (20e0cc140) DEBUG  [Add(16, 26), Remove(35, 31), Remove(33, 31), Remove(32, 31), Remove(36, 31), Remove(37, 31), Remove(34, 31)]
[00:00:02.675] (20e0cc140) DEBUG  Time remaining: 13 ms
[00:00:02.692] (20e0cc140) DEBUG  Frame duration: 19 ms
[00:00:02.693] (20e0cc140) DEBUG  [Remove(16, 26), Add(32, 31), Add(33, 31), Add(35, 31), Add(36, 31), Add(37, 31), Add(34, 31)]
[00:00:02.694] (20e0cc140) DEBUG  Time remaining: 14 ms
[00:00:02.711] (20e0cc140) DEBUG  Frame duration: 19 ms
[00:00:02.713] (20e0cc140) DEBUG  [Add(17, 25)]
[00:00:02.714] (20e0cc140) DEBUG  Time remaining: 14 ms
[00:00:02.731] (20e0cc140) DEBUG  Frame duration: 20 ms
[00:00:02.733] (20e0cc140) DEBUG  [Add(18, 24), Remove(17, 25)]
[00:00:02.733] (20e0cc140) DEBUG  Time remaining: 14 ms
[00:00:02.752] (20e0cc140) DEBUG  Frame duration: 20 ms
[00:00:02.754] (20e0cc140) DEBUG  [Remove(18, 24)]
[00:00:02.754] (20e0cc140) DEBUG  Time remaining: 14 ms
[00:00:02.772] (20e0cc140) DEBUG  Frame duration: 20 ms
[00:00:02.774] (20e0cc140) DEBUG  [Add(19, 23), Remove(32, 31), Remove(34, 31), Remove(35, 31), Remove(37, 31), Remove(36, 31), Remove(33, 31)]
[00:00:02.775] (20e0cc140) DEBUG  Time remaining: 14 ms
[00:00:02.793] (20e0cc140) DEBUG  Frame duration: 20 ms
[00:00:02.795] (20e0cc140) DEBUG  [Add(20, 22), Remove(19, 23), Add(32, 31), Add(36, 31), Add(37, 31), Add(34, 31), Add(33, 31), Add(35, 31)]
[00:00:02.796] (20e0cc140) DEBUG  Time remaining: 13 ms
[00:00:02.813] (20e0cc140) DEBUG  Frame duration: 20 ms
[00:00:02.815] (20e0cc140) DEBUG  [Remove(20, 22)]
[00:00:02.815] (20e0cc140) DEBUG  Time remaining: 14 ms
[00:00:02.831] (20e0cc140) DEBUG  Frame duration: 17 ms
[00:00:02.833] (20e0cc140) DEBUG  [Add(21, 21), Remove(37, 31), Remove(35, 31), Remove(32, 31), Remove(33, 31), Remove(34, 31), Remove(36, 31)]
[00:00:02.834] (20e0cc140) DEBUG  Time remaining: 14 ms
[00:00:02.852] (20e0cc140) DEBUG  Frame duration: 20 ms
[00:00:02.853] (20e0cc140) DEBUG  [Remove(21, 21), Add(36, 31), Add(35, 31), Add(32, 31), Add(34, 31), Add(37, 31), Add(33, 31)]
[00:00:02.854] (20e0cc140) DEBUG  Time remaining: 14 ms
[00:00:02.872] (20e0cc140) DEBUG  Frame duration: 20 ms
[00:00:02.874] (20e0cc140) DEBUG  []
[00:00:02.874] (20e0cc140) DEBUG  Time remaining: 14 ms
[00:00:02.893] (20e0cc140) DEBUG  Frame duration: 20 ms
[00:00:02.895] (20e0cc140) DEBUG  [Add(23, 19), Remove(37, 31), Remove(32, 31), Remove(35, 31), Remove(33, 31), Remove(34, 31), Remove(36, 31)]
[00:00:02.895] (20e0cc140) DEBUG  Time remaining: 14 ms
[00:00:02.912] (20e0cc140) DEBUG  Frame duration: 19 ms
[00:00:02.914] (20e0cc140) DEBUG  [Remove(23, 19), Add(37, 31), Add(32, 31), Add(36, 31), Add(35, 31), Add(34, 31), Add(33, 31)]
[00:00:02.915] (20e0cc140) DEBUG  Time remaining: 13 ms
[00:00:02.933] (20e0cc140) DEBUG  Frame duration: 20 ms
[00:00:02.935] (20e0cc140) DEBUG  [Add(24, 18)]
[00:00:02.935] (20e0cc140) DEBUG  Time remaining: 14 ms
[00:00:02.953] (20e0cc140) DEBUG  Frame duration: 20 ms
[00:00:02.955] (20e0cc140) DEBUG  [Remove(25, 17), Remove(24, 18)]
[00:00:02.955] (20e0cc140) DEBUG  Time remaining: 14 ms
[00:00:02.971] (20e0cc140) DEBUG  Frame duration: 17 ms
[00:00:02.973] (20e0cc140) DEBUG  [Remove(27, 17), Remove(24, 17), Remove(26, 17), Add(25, 17)]
[00:00:02.973] (20e0cc140) DEBUG  Time remaining: 14 ms
[00:00:02.991] (20e0cc140) DEBUG  Frame duration: 20 ms
[00:00:02.993] (20e0cc140) DEBUG  [Remove(61, 0), Remove(63, 0), Remove(60, 0), Remove(62, 0), Remove(63, 1), Remove(60, 1), Remove(63, 2), Remove(60, 2), Remove(63, 3), Remove(60, 3), Remove(60, 4), Remove(61, 4), Remove(63, 4), Remove(62, 4)]
[00:00:02.994] (20e0cc140) DEBUG  Time remaining: 13 ms
[00:00:03.011] (20e0cc140) DEBUG  Frame duration: 19 ms
[00:00:03.013] (20e0cc140) DEBUG  [Add(62, 0), Add(61, 1), Add(62, 1), Add(62, 2), Add(62, 3), Add(62, 4), Add(63, 4), Add(61, 4), Remove(25, 17)]
[00:00:03.014] (20e0cc140) DEBUG  Time remaining: 13 ms
[00:00:03.031] (20e0cc140) DEBUG  Frame duration: 20 ms
[00:00:03.033] (20e0cc140) DEBUG  [Add(26, 18), Remove(33, 31), Remove(35, 31), Remove(32, 31), Remove(37, 31), Remove(36, 31), Remove(34, 31)]
[00:00:03.033] (20e0cc140) DEBUG  Time remaining: 14 ms
[00:00:03.052] (20e0cc140) DEBUG  Frame duration: 20 ms
[00:00:03.053] (20e0cc140) DEBUG  [Remove(26, 18), Add(35, 31), Add(32, 31), Add(33, 31), Add(34, 31), Add(37, 31), Add(36, 31)]
[00:00:03.054] (20e0cc140) DEBUG  Time remaining: 14 ms
[00:00:03.072] (20e0cc140) DEBUG  Frame duration: 20 ms
[00:00:03.074] (20e0cc140) DEBUG  [Add(27, 19)]
[00:00:03.074] (20e0cc140) DEBUG  Time remaining: 15 ms
[00:00:03.093] (20e0cc140) DEBUG  Frame duration: 20 ms
[00:00:03.095] (20e0cc140) DEBUG  [Remove(27, 19), Add(28, 20)]
[00:00:03.095] (20e0cc140) DEBUG  Time remaining: 14 ms
[00:00:03.113] (20e0cc140) DEBUG  Frame duration: 19 ms
[00:00:03.114] (20e0cc140) DEBUG  [Remove(28, 20)]
[00:00:03.115] (20e0cc140) DEBUG  Time remaining: 14 ms
[00:00:03.133] (20e0cc140) DEBUG  Frame duration: 20 ms
[00:00:03.135] (20e0cc140) DEBUG  [Add(29, 21), Remove(33, 31), Remove(34, 31), Remove(37, 31), Remove(36, 31), Remove(35, 31), Remove(32, 31)]
[00:00:03.135] (20e0cc140) DEBUG  Time remaining: 14 ms
[00:00:03.153] (20e0cc140) DEBUG  Frame duration: 19 ms
[00:00:03.155] (20e0cc140) DEBUG  [Remove(29, 21), Add(30, 22), Add(37, 31), Add(34, 31), Add(35, 31), Add(33, 31), Add(36, 31), Add(32, 31)]
[00:00:03.156] (20e0cc140) DEBUG  Time remaining: 13 ms
[00:00:03.170] (20e0cc140) DEBUG  Frame duration: 16 ms
[00:00:03.172] (20e0cc140) DEBUG  [Remove(30, 22)]
[00:00:03.172] (20e0cc140) DEBUG  Time remaining: 14 ms
[00:00:03.191] (20e0cc140) DEBUG  Frame duration: 20 ms
[00:00:03.193] (20e0cc140) DEBUG  [Add(31, 23), Remove(37, 31), Remove(32, 31), Remove(33, 31), Remove(35, 31), Remove(34, 31), Remove(36, 31)]
[00:00:03.193] (20e0cc140) DEBUG  Time remaining: 14 ms
[00:00:03.209] (20e0cc140) DEBUG  Frame duration: 18 ms
[00:00:03.211] (20e0cc140) DEBUG  [Remove(31, 23), Add(37, 31), Add(36, 31), Add(32, 31), Add(34, 31), Add(35, 31), Add(33, 31)]
[00:00:03.212] (20e0cc140) DEBUG  Time remaining: 13 ms
[00:00:03.226] (20e0cc140) DEBUG  Frame duration: 16 ms
[00:00:03.228] (20e0cc140) DEBUG  []
[00:00:03.229] (20e0cc140) DEBUG  Time remaining: 14 ms
[00:00:03.246] (20e0cc140) DEBUG  Frame duration: 19 ms
[00:00:03.249] (20e0cc140) DEBUG  [Add(33, 25), Remove(33, 31), Remove(32, 31), Remove(34, 31), Remove(37, 31), Remove(36, 31), Remove(35, 31)]
[00:00:03.250] (20e0cc140) DEBUG  Time remaining: 13 ms
[00:00:03.264] (20e0cc140) DEBUG  Frame duration: 18 ms
[00:00:03.266] (20e0cc140) DEBUG  [Remove(33, 25), Add(32, 31), Add(37, 31), Add(33, 31), Add(34, 31), Add(35, 31), Add(36, 31)]
[00:00:03.267] (20e0cc140) DEBUG  Time remaining: 13 ms
[00:00:03.283] (20e0cc140) DEBUG  Frame duration: 18 ms
[00:00:03.285] (20e0cc140) DEBUG  [Add(34, 26)]
[00:00:03.285] (20e0cc140) DEBUG  Time remaining: 14 ms
[00:00:03.304] (20e0cc140) DEBUG  Frame duration: 20 ms
[00:00:03.306] (20e0cc140) DEBUG  [Remove(34, 26), Add(35, 27)]
[00:00:03.306] (20e0cc140) DEBUG  Time remaining: 14 ms
[00:00:03.324] (20e0cc140) DEBUG  Frame duration: 20 ms
[00:00:03.326] (20e0cc140) DEBUG  [Remove(35, 27)]
[00:00:03.326] (20e0cc140) DEBUG  Time remaining: 14 ms
[00:00:03.345] (20e0cc140) DEBUG  Frame duration: 20 ms
[00:00:03.347] (20e0cc140) DEBUG  [Add(36, 28), Remove(35, 31), Remove(32, 31), Remove(33, 31), Remove(37, 31), Remove(36, 31), Remove(34, 31)]
[00:00:03.347] (20e0cc140) DEBUG  Time remaining: 14 ms
[00:00:03.365] (20e0cc140) DEBUG  Frame duration: 20 ms
[00:00:03.367] (20e0cc140) DEBUG  [Remove(36, 28), Add(37, 29), Add(36, 31), Add(38, 31), Add(35, 31), Add(39, 31), Add(37, 31), Add(34, 31)]
[00:00:03.368] (20e0cc140) DEBUG  Time remaining: 14 ms
[00:00:03.383] (20e0cc140) DEBUG  Frame duration: 17 ms
[00:00:03.384] (20e0cc140) DEBUG  [Remove(37, 29), Remove(34, 31), Remove(35, 31), Add(40, 31), Add(41, 31)]
[00:00:03.385] (20e0cc140) DEBUG  Time remaining: 14 ms
[00:00:03.403] (20e0cc140) DEBUG  Frame duration: 20 ms
[00:00:03.405] (20e0cc140) DEBUG  [Add(38, 30), Remove(41, 31), Remove(36, 31), Remove(38, 31), Remove(40, 31), Remove(37, 31), Remove(39, 31)]
[00:00:03.406] (20e0cc140) DEBUG  Time remaining: 14 ms
[00:00:03.421] (20e0cc140) DEBUG  Frame duration: 17 ms
[00:00:03.423] (20e0cc140) DEBUG  [Remove(38, 30), Add(43, 31), Add(41, 31), Add(42, 31), Add(38, 31), Add(39, 31), Add(40, 31)]
[00:00:03.423] (20e0cc140) DEBUG  Time remaining: 14 ms
[00:00:03.441] (20e0cc140) DEBUG  Frame duration: 20 ms
[00:00:03.443] (20e0cc140) DEBUG  []
[00:00:03.443] (20e0cc140) DEBUG  Time remaining: 14 ms
[00:00:03.462] (20e0cc140) DEBUG  Frame duration: 20 ms
[00:00:03.464] (20e0cc140) DEBUG  [Remove(43, 31), Remove(41, 31), Remove(38, 31), Remove(42, 31), Remove(40, 31)]
[00:00:03.464] (20e0cc140) DEBUG  Time remaining: 14 ms
[00:00:03.480] (20e0cc140) DEBUG  Frame duration: 17 ms
[00:00:03.482] (20e0cc140) DEBUG  [Add(39, 30), Remove(39, 31), Add(40, 31), Add(43, 31), Add(42, 31), Add(45, 31), Add(41, 31), Add(44, 31)]
[00:00:03.482] (20e0cc140) DEBUG  Time remaining: 13 ms
[00:00:03.500] (20e0cc140) DEBUG  Frame duration: 20 ms
[00:00:03.502] (20e0cc140) DEBUG  [Remove(39, 30), Remove(41, 31), Remove(40, 31), Add(47, 31), Add(46, 31)]
[00:00:03.502] (20e0cc140) DEBUG  Time remaining: 14 ms
[00:00:03.520] (20e0cc140) DEBUG  Frame duration: 19 ms
[00:00:03.522] (20e0cc140) DEBUG  [Add(39, 29), Remove(47, 31), Remove(43, 31), Remove(46, 31), Remove(44, 31), Remove(42, 31), Remove(45, 31)]
[00:00:03.522] (20e0cc140) DEBUG  Time remaining: 14 ms
[00:00:03.538] (20e0cc140) DEBUG  Frame duration: 17 ms
[00:00:03.539] (20e0cc140) DEBUG  [Remove(39, 29), Add(44, 31), Add(46, 31), Add(43, 31), Add(42, 31), Add(47, 31), Add(45, 31)]
[00:00:03.540] (20e0cc140) DEBUG  Time remaining: 14 ms
[00:00:03.558] (20e0cc140) DEBUG  Frame duration: 20 ms
[00:00:03.560] (20e0cc140) DEBUG  []
[00:00:03.560] (20e0cc140) DEBUG  Time remaining: 14 ms
[00:00:03.579] (20e0cc140) DEBUG  Frame duration: 20 ms
[00:00:03.581] (20e0cc140) DEBUG  [Add(39, 27), Remove(42, 31), Remove(44, 31), Remove(46, 31), Remove(47, 31), Remove(43, 31), Remove(45, 31)]
[00:00:03.581] (20e0cc140) DEBUG  Time remaining: 14 ms
[00:00:03.599] (20e0cc140) DEBUG  Frame duration: 20 ms
[00:00:03.601] (20e0cc140) DEBUG  [Remove(39, 27), Add(46, 31), Add(45, 31), Add(43, 31), Add(47, 31), Add(42, 31), Add(44, 31)]
[00:00:03.601] (20e0cc140) DEBUG  Time remaining: 14 ms
[00:00:03.618] (20e0cc140) DEBUG  Frame duration: 18 ms
[00:00:03.620] (20e0cc140) DEBUG  [Add(39, 26)]
[00:00:03.620] (20e0cc140) DEBUG  Time remaining: 14 ms
[00:00:03.638] (20e0cc140) DEBUG  Frame duration: 20 ms
[00:00:03.640] (20e0cc140) DEBUG  [Add(39, 25), Remove(39, 26)]
[00:00:03.640] (20e0cc140) DEBUG  Time remaining: 14 ms
[00:00:03.659] (20e0cc140) DEBUG  Frame duration: 20 ms
[00:00:03.661] (20e0cc140) DEBUG  [Remove(39, 25)]
[00:00:03.661] (20e0cc140) DEBUG  Time remaining: 14 ms
[00:00:03.679] (20e0cc140) DEBUG  Frame duration: 20 ms
[00:00:03.681] (20e0cc140) DEBUG  [Add(39, 24), Remove(43, 31), Remove(42, 31), Remove(46, 31), Remove(44, 31), Remove(45, 31), Remove(47, 31)]
[00:00:03.682] (20e0cc140) DEBUG  Time remaining: 14 ms
[00:00:03.700] (20e0cc140) DEBUG  Frame duration: 20 ms
[00:00:03.702] (20e0cc140) DEBUG  [Add(39, 23), Remove(39, 24), Add(42, 31), Add(45, 31), Add(43, 31), Add(44, 31), Add(46, 31), Add(47, 31)]
[00:00:03.702] (20e0cc140) DEBUG  Time remaining: 14 ms
[00:00:03.720] (20e0cc140) DEBUG  Frame duration: 20 ms
[00:00:03.722] (20e0cc140) DEBUG  [Remove(39, 23)]
[00:00:03.722] (20e0cc140) DEBUG  Time remaining: 14 ms
[00:00:03.741] (20e0cc140) DEBUG  Frame duration: 20 ms
[00:00:03.743] (20e0cc140) DEBUG  [Add(39, 22), Remove(44, 31), Remove(42, 31), Remove(46, 31), Remove(45, 31), Remove(47, 31), Remove(43, 31)]
[00:00:03.744] (20e0cc140) DEBUG  Time remaining: 13 ms
[00:00:03.761] (20e0cc140) DEBUG  Frame duration: 19 ms
[00:00:03.763] (20e0cc140) DEBUG  [Add(39, 21), Remove(39, 22), Add(45, 31), Add(44, 31), Add(43, 31), Add(42, 31), Add(46, 31), Add(47, 31)]
[00:00:03.764] (20e0cc140) DEBUG  Time remaining: 14 ms
[00:00:03.781] (20e0cc140) DEBUG  Frame duration: 20 ms
[00:00:03.783] (20e0cc140) DEBUG  [Remove(39, 21)]
[00:00:03.783] (20e0cc140) DEBUG  Time remaining: 14 ms
[00:00:03.802] (20e0cc140) DEBUG  Frame duration: 20 ms
[00:00:03.804] (20e0cc140) DEBUG  [Add(39, 20), Remove(43, 31), Remove(45, 31), Remove(44, 31), Remove(42, 31), Remove(46, 31), Remove(47, 31)]
[00:00:03.804] (20e0cc140) DEBUG  Time remaining: 14 ms
[00:00:03.822] (20e0cc140) DEBUG  Frame duration: 20 ms
[00:00:03.825] (20e0cc140) DEBUG  [Remove(39, 20), Add(44, 31), Add(43, 31), Add(45, 31), Add(42, 31), Add(47, 31), Add(46, 31)]
[00:00:03.825] (20e0cc140) DEBUG  Time remaining: 13 ms
[00:00:03.843] (20e0cc140) DEBUG  Frame duration: 20 ms
[00:00:03.845] (20e0cc140) DEBUG  []
[00:00:03.845] (20e0cc140) DEBUG  Time remaining: 14 ms
[00:00:03.863] (20e0cc140) DEBUG  Frame duration: 20 ms
[00:00:03.866] (20e0cc140) DEBUG  [Add(39, 18), Remove(42, 31), Remove(44, 31), Remove(43, 31), Remove(47, 31), Remove(46, 31), Remove(45, 31)]
[00:00:03.866] (20e0cc140) DEBUG  Time remaining: 14 ms
[00:00:03.884] (20e0cc140) DEBUG  Frame duration: 20 ms
[00:00:03.886] (20e0cc140) DEBUG  [Remove(39, 18), Add(43, 31), Add(40, 31), Add(41, 31), Add(45, 31), Add(42, 31), Add(44, 31)]
[00:00:03.886] (20e0cc140) DEBUG  Time remaining: 14 ms
[00:00:03.904] (20e0cc140) DEBUG  Frame duration: 20 ms
[00:00:03.906] (20e0cc140) DEBUG  [Remove(39, 17)]
[00:00:03.906] (20e0cc140) DEBUG  Time remaining: 14 ms
[00:00:03.923] (20e0cc140) DEBUG  Frame duration: 18 ms
[00:00:03.925] (20e0cc140) DEBUG  [Remove(58, 0), Remove(55, 0), Remove(62, 0), Remove(56, 0), Remove(57, 0), Remove(55, 1), Remove(61, 1), Remove(58, 1), Remove(62, 1), Remove(55, 2), Remove(62, 2), Remove(58, 2), Remove(58, 3), Remove(55, 3), Remove(62, 3), Remove(57, 4), Remove(55, 4), Remove(56, 4), Remove(61, 4), Remove(63, 4), Remove(62, 4), Remove(58, 4), Remove(36, 17), Remove(37, 17), Remove(38, 17), Add(39, 17)]
[00:00:03.926] (20e0cc140) DEBUG  Time remaining: 13 ms
[00:00:03.943] (20e0cc140) DEBUG  Frame duration: 19 ms
[00:00:03.945] (20e0cc140) DEBUG  [Add(56, 0), Add(58, 0), Add(57, 0), Add(61, 0), Add(55, 0), Add(60, 0), Add(63, 0), Add(62, 0), Add(58, 1), Add(55, 1), Add(63, 1), Add(62, 2), Add(55, 2), Add(58, 2), Add(63, 2), Add(61, 2), Add(60, 2), Add(58, 3), Add(60, 3), Add(55, 3), Add(58, 4), Add(60, 4), Add(61, 4), Add(57, 4), Add(62, 4), Add(63, 4), Add(56, 4), Add(55, 4), Remove(41, 31), Remove(44, 31), Remove(43, 31), Remove(45, 31), Remove(40, 31), Remove(42, 31)]
[00:00:03.947] (20e0cc140) DEBUG  Time remaining: 12 ms
[00:00:03.963] (20e0cc140) DEBUG  Frame duration: 19 ms
[00:00:03.965] (20e0cc140) DEBUG  [Remove(39, 17), Add(45, 31), Add(41, 31), Add(44, 31), Add(42, 31), Add(40, 31), Add(43, 31)]
[00:00:03.965] (20e0cc140) DEBUG  Time remaining: 14 ms
[00:00:03.984] (20e0cc140) DEBUG  Frame duration: 20 ms
[00:00:03.985] (20e0cc140) DEBUG  [Add(39, 18)]
[00:00:03.986] (20e0cc140) DEBUG  Time remaining: 14 ms
[00:00:04.004] (20e0cc140) DEBUG  Frame duration: 20 ms
[00:00:04.006] (20e0cc140) DEBUG  [Remove(39, 18), Add(39, 19)]
[00:00:04.006] (20e0cc140) DEBUG  Time remaining: 14 ms
[00:00:04.025] (20e0cc140) DEBUG  Frame duration: 20 ms
[00:00:04.026] (20e0cc140) DEBUG  [Remove(39, 19)]
[00:00:04.027] (20e0cc140) DEBUG  Time remaining: 14 ms
[00:00:04.043] (20e0cc140) DEBUG  Frame duration: 17 ms
[00:00:04.044] (20e0cc140) DEBUG  [Add(39, 20), Remove(40, 31), Remove(41, 31), Remove(43, 31), Remove(45, 31), Remove(42, 31), Remove(44, 31)]
[00:00:04.045] (20e0cc140) DEBUG  Time remaining: 14 ms
[00:00:04.063] (20e0cc140) DEBUG  Frame duration: 20 ms
[00:00:04.064] (20e0cc140) DEBUG  [Remove(39, 20), Add(39, 21), Add(42, 31), Add(41, 31), Add(45, 31), Add(44, 31), Add(40, 31), Add(43, 31)]
[00:00:04.065] (20e0cc140) DEBUG  Time remaining: 14 ms
[00:00:04.084] (20e0cc140) DEBUG  Frame duration: 20 ms
[00:00:04.085] (20e0cc140) DEBUG  [Remove(39, 21)]
[00:00:04.086] (20e0cc140) DEBUG  Time remaining: 14 ms
[00:00:04.104] (20e0cc140) DEBUG  Frame duration: 20 ms
[00:00:04.106] (20e0cc140) DEBUG  [Add(39, 22), Remove(43, 31), Remove(45, 31), Remove(44, 31), Remove(41, 31), Remove(42, 31), Remove(40, 31)]
[00:00:04.107] (20e0cc140) DEBUG  Time remaining: 13 ms
[00:00:04.125] (20e0cc140) DEBUG  Frame duration: 20 ms
[00:00:04.126] (20e0cc140) DEBUG  [Remove(39, 22), Add(41, 31), Add(44, 31), Add(42, 31), Add(45, 31), Add(43, 31), Add(40, 31)]
[00:00:04.127] (20e0cc140) DEBUG  Time remaining: 14 ms
[00:00:04.145] (20e0cc140) DEBUG  Frame duration: 20 ms
[00:00:04.147] (20e0cc140) DEBUG  []
[00:00:04.147] (20e0cc140) DEBUG  Time remaining: 14 ms
[00:00:04.165] (20e0cc140) DEBUG  Frame duration: 19 ms
[00:00:04.167] (20e0cc140) DEBUG  [Add(39, 24), Remove(45, 31), Remove(40, 31), Remove(43, 31), Remove(41, 31), Remove(42, 31), Remove(44, 31)]
[00:00:04.168] (20e0cc140) DEBUG  Time remaining: 13 ms
[00:00:04.185] (20e0cc140) DEBUG  Frame duration: 19 ms
[00:00:04.187] (20e0cc140) DEBUG  [Remove(39, 24), Add(40, 31), Add(43, 31), Add(45, 31), Add(41, 31), Add(44, 31), Add(42, 31)]
[00:00:04.188] (20e0cc140) DEBUG  Time remaining: 13 ms
[00:00:04.205] (20e0cc140) DEBUG  Frame duration: 20 ms
[00:00:04.207] (20e0cc140) DEBUG  [Add(39, 25)]
[00:00:04.207] (20e0cc140) DEBUG  Time remaining: 14 ms
[00:00:04.226] (20e0cc140) DEBUG  Frame duration: 20 ms
[00:00:04.227] (20e0cc140) DEBUG  [Remove(39, 25), Add(39, 26)]
[00:00:04.228] (20e0cc140) DEBUG  Time remaining: 14 ms
[00:00:04.246] (20e0cc140) DEBUG  Frame duration: 20 ms
[00:00:04.248] (20e0cc140) DEBUG  [Remove(39, 26)]
[00:00:04.249] (20e0cc140) DEBUG  Time remaining: 14 ms
[00:00:04.267] (20e0cc140) DEBUG  Frame duration: 20 ms
[00:00:04.269] (20e0cc140) DEBUG  [Add(39, 27), Remove(44, 31), Remove(40, 31), Remove(45, 31), Remove(41, 31), Remove(43, 31), Remove(42, 31)]
[00:00:04.269] (20e0cc140) DEBUG  Time remaining: 14 ms
[00:00:04.287] (20e0cc140) DEBUG  Frame duration: 20 ms
[00:00:04.289] (20e0cc140) DEBUG  [Remove(39, 27), Add(39, 28), Add(43, 31), Add(40, 31), Add(39, 31), Add(38, 31), Add(41, 31), Add(42, 31)]
[00:00:04.290] (20e0cc140) DEBUG  Time remaining: 13 ms
[00:00:04.305] (20e0cc140) DEBUG  Frame duration: 17 ms
[00:00:04.307] (20e0cc140) DEBUG  [Remove(39, 28), Remove(43, 31), Remove(42, 31), Add(36, 31), Add(37, 31)]
[00:00:04.307] (20e0cc140) DEBUG  Time remaining: 14 ms
[00:00:04.325] (20e0cc140) DEBUG  Frame duration: 20 ms
[00:00:04.327] (20e0cc140) DEBUG  [Add(39, 29), Remove(38, 31), Remove(40, 31), Remove(41, 31), Remove(39, 31), Remove(37, 31), Remove(36, 31)]
[00:00:04.327] (20e0cc140) DEBUG  Time remaining: 14 ms
[00:00:04.346] (20e0cc140) DEBUG  Frame duration: 20 ms
[00:00:04.348] (20e0cc140) DEBUG  [Remove(39, 29), Add(36, 31), Add(38, 31), Add(34, 31), Add(37, 31), Add(35, 31), Add(39, 31)]
[00:00:04.348] (20e0cc140) DEBUG  Time remaining: 14 ms
[00:00:04.366] (20e0cc140) DEBUG  Frame duration: 20 ms
[00:00:04.368] (20e0cc140) DEBUG  [Add(39, 30)]
[00:00:04.368] (20e0cc140) DEBUG  Time remaining: 14 ms
[00:00:04.387] (20e0cc140) DEBUG  Frame duration: 20 ms
[00:00:04.388] (20e0cc140) DEBUG  [Remove(39, 30)]
[00:00:04.389] (20e0cc140) DEBUG  Time remaining: 14 ms
[00:00:04.407] (20e0cc140) DEBUG  Frame duration: 20 ms
[00:00:04.410] (20e0cc140) DEBUG  [Remove(39, 31)]
[00:00:04.410] (20e0cc140) DEBUG  Time remaining: 14 ms
[00:00:04.428] (20e0cc140) DEBUG  Frame duration: 20 ms
[00:00:04.430] (20e0cc140) DEBUG  [Add(39, 31)]
[00:00:04.430] (20e0cc140) DEBUG  Time remaining: 14 ms
[00:00:04.448] (20e0cc140) DEBUG  Frame duration: 20 ms
[00:00:04.451] (20e0cc140) DEBUG  [Add(40, 30), Remove(35, 31), Remove(36, 31), Remove(39, 31), Remove(37, 31), Remove(34, 31), Remove(38, 31)]
[00:00:04.452] (20e0cc140) DEBUG  Time remaining: 12 ms
[00:00:04.468] (20e0cc140) DEBUG  Frame duration: 19 ms
[00:00:04.470] (20e0cc140) DEBUG  [Remove(40, 30), Add(34, 31), Add(38, 31), Add(36, 31), Add(39, 31), Add(37, 31), Add(35, 31)]
[00:00:04.471] (20e0cc140) DEBUG  Time remaining: 13 ms
[00:00:04.489] (20e0cc140) DEBUG  Frame duration: 20 ms
[00:00:04.491] (20e0cc140) DEBUG  []
[00:00:04.491] (20e0cc140) DEBUG  Time remaining: 14 ms
[00:00:04.509] (20e0cc140) DEBUG  Frame duration: 20 ms
[00:00:04.511] (20e0cc140) DEBUG  [Add(42, 28), Remove(38, 31), Remove(36, 31), Remove(39, 31), Remove(37, 31), Remove(34, 31), Remove(35, 31)]
[00:00:04.512] (20e0cc140) DEBUG  Time remaining: 13 ms
[00:00:04.529] (20e0cc140) DEBUG  Frame duration: 19 ms
[00:00:04.531] (20e0cc140) DEBUG  [Remove(42, 28), Add(34, 31), Add(37, 31), Add(36, 31), Add(38, 31), Add(39, 31), Add(35, 31)]
[00:00:04.531] (20e0cc140) DEBUG  Time remaining: 13 ms
[00:00:04.549] (20e0cc140) DEBUG  Frame duration: 20 ms
[00:00:04.551] (20e0cc140) DEBUG  [Add(43, 27)]
[00:00:04.551] (20e0cc140) DEBUG  Time remaining: 14 ms
[00:00:04.569] (20e0cc140) DEBUG  Frame duration: 20 ms
[00:00:04.571] (20e0cc140) DEBUG  [Add(44, 26), Remove(43, 27)]
[00:00:04.571] (20e0cc140) DEBUG  Time remaining: 15 ms
[00:00:04.590] (20e0cc140) DEBUG  Frame duration: 20 ms
[00:00:04.592] (20e0cc140) DEBUG  [Remove(44, 26)]
[00:00:04.592] (20e0cc140) DEBUG  Time remaining: 14 ms
[00:00:04.610] (20e0cc140) DEBUG  Frame duration: 20 ms
[00:00:04.613] (20e0cc140) DEBUG  [Add(45, 25), Remove(39, 31), Remove(34, 31), Remove(37, 31), Remove(38, 31), Remove(36, 31), Remove(35, 31)]
[00:00:04.613] (20e0cc140) DEBUG  Time remaining: 13 ms
[00:00:04.631] (20e0cc140) DEBUG  Frame duration: 20 ms
[00:00:04.633] (20e0cc140) DEBUG  [Add(46, 24), Remove(45, 25), Add(38, 31), Add(35, 31), Add(36, 31), Add(39, 31), Add(34, 31), Add(37, 31)]
[00:00:04.634] (20e0cc140) DEBUG  Time remaining: 13 ms
[00:00:04.651] (20e0cc140) DEBUG  Frame duration: 20 ms
[00:00:04.653] (20e0cc140) DEBUG  [Remove(46, 24)]
[00:00:04.653] (20e0cc140) DEBUG  Time remaining: 14 ms
[00:00:04.672] (20e0cc140) DEBUG  Frame duration: 20 ms
[00:00:04.673] (20e0cc140) DEBUG  [Add(47, 23), Remove(38, 31), Remove(34, 31), Remove(36, 31), Remove(35, 31), Remove(37, 31), Remove(39, 31)]
[00:00:04.673] (20e0cc140) DEBUG  Time remaining: 15 ms
[00:00:04.692] (20e0cc140) DEBUG  Frame duration: 20 ms
[00:00:04.694] (20e0cc140) DEBUG  [Remove(47, 23), Add(36, 31), Add(38, 31), Add(37, 31), Add(40, 31), Add(41, 31), Add(39, 31)]
[00:00:04.695] (20e0cc140) DEBUG  Time remaining: 14 ms
[00:00:04.712] (20e0cc140) DEBUG  Frame duration: 19 ms
[00:00:04.715] (20e0cc140) DEBUG  [Add(48, 22), Remove(37, 31), Remove(36, 31), Add(42, 31), Add(43, 31)]
[00:00:04.715] (20e0cc140) DEBUG  Time remaining: 13 ms
[00:00:04.729] (20e0cc140) DEBUG  Frame duration: 16 ms
[00:00:04.731] (20e0cc140) DEBUG  [Add(49, 21), Remove(48, 22)]
[00:00:04.731] (20e0cc140) DEBUG  Time remaining: 14 ms
[00:00:04.750] (20e0cc140) DEBUG  Frame duration: 20 ms
[00:00:04.752] (20e0cc140) DEBUG  [Remove(49, 21), Remove(39, 31), Remove(38, 31), Add(45, 31), Add(44, 31)]
[00:00:04.752] (20e0cc140) DEBUG  Time remaining: 14 ms
[00:00:04.770] (20e0cc140) DEBUG  Frame duration: 20 ms
[00:00:04.772] (20e0cc140) DEBUG  [Add(50, 20), Remove(43, 31), Remove(41, 31), Remove(40, 31), Remove(42, 31), Remove(44, 31), Remove(45, 31)]
[00:00:04.772] (20e0cc140) DEBUG  Time remaining: 14 ms
[00:00:04.791] (20e0cc140) DEBUG  Frame duration: 20 ms
[00:00:04.792] (20e0cc140) DEBUG  [Add(51, 19), Remove(50, 20), Add(42, 31), Add(44, 31), Add(47, 31), Add(46, 31), Add(43, 31), Add(45, 31)]
[00:00:04.793] (20e0cc140) DEBUG  Time remaining: 14 ms
[00:00:04.811] (20e0cc140) DEBUG  Frame duration: 20 ms
[00:00:04.813] (20e0cc140) DEBUG  [Remove(51, 19), Remove(42, 31), Remove(43, 31), Add(49, 31), Add(48, 31)]
[00:00:04.814] (20e0cc140) DEBUG  Time remaining: 14 ms
[00:00:04.830] (20e0cc140) DEBUG  Frame duration: 18 ms
[00:00:04.833] (20e0cc140) DEBUG  [Add(52, 18), Remove(47, 31), Remove(46, 31), Remove(44, 31), Remove(49, 31), Remove(48, 31), Remove(45, 31)]
[00:00:04.833] (20e0cc140) DEBUG  Time remaining: 13 ms
[00:00:04.850] (20e0cc140) DEBUG  Frame duration: 19 ms
[00:00:04.852] (20e0cc140) DEBUG  [Remove(52, 18), Add(49, 31), Add(47, 31), Add(46, 31), Add(48, 31), Add(44, 31), Add(45, 31)]
[00:00:04.852] (20e0cc140) DEBUG  Time remaining: 14 ms
[00:00:04.870] (20e0cc140) DEBUG  Frame duration: 20 ms
[00:00:04.872] (20e0cc140) DEBUG  [Remove(52, 17), Remove(54, 17), Remove(55, 17)]
[00:00:04.872] (20e0cc140) DEBUG  Time remaining: 14 ms
[00:00:04.889] (20e0cc140) DEBUG  Frame duration: 18 ms
[00:00:04.890] (20e0cc140) DEBUG  [Remove(57, 0), Remove(58, 0), Remove(56, 0), Remove(60, 0), Remove(61, 0), Remove(63, 0), Remove(62, 0), Remove(55, 0), Remove(63, 1), Remove(55, 1), Remove(58, 1), Remove(55, 2), Remove(58, 2), Remove(63, 2), Remove(60, 2), Remove(62, 2), Remove(61, 2), Remove(58, 3), Remove(60, 3), Remove(55, 3), Remove(56, 4), Remove(58, 4), Remove(61, 4), Remove(60, 4), Remove(63, 4), Remove(55, 4), Remove(62, 4), Remove(57, 4)]
[00:00:04.892] (20e0cc140) DEBUG  Time remaining: 13 ms
[00:00:04.909] (20e0cc140) DEBUG  Frame duration: 19 ms
[00:00:04.910] (20e0cc140) DEBUG  [Add(55, 0), Add(56, 0), Add(62, 0), Add(61, 0), Add(60, 0), Add(63, 0), Add(58, 0), Add(57, 0), Add(55, 1), Add(63, 1), Add(58, 1), Add(58, 2), Add(60, 2), Add(62, 2), Add(63, 2), Add(55, 2), Add(61, 2), Add(58, 3), Add(63, 3), Add(55, 3), Add(62, 4), Add(55, 4), Add(60, 4), Add(61, 4), Add(63, 4), Add(57, 4), Add(56, 4), Add(58, 4), Remove(45, 31), Remove(47, 31), Remove(46, 31), Remove(48, 31), Remove(49, 31), Remove(44, 31)]
[00:00:04.912] (20e0cc140) DEBUG  Time remaining: 13 ms
[00:00:04.929] (20e0cc140) DEBUG  Frame duration: 20 ms
[00:00:04.931] (20e0cc140) DEBUG  [Remove(53, 17), Add(46, 31), Add(47, 31), Add(49, 31), Add(48, 31), Add(50, 31), Add(51, 31)]
[00:00:04.932] (20e0cc140) DEBUG  Time remaining: 14 ms
[00:00:04.950] (20e0cc140) DEBUG  Frame duration: 20 ms
[00:00:04.951] (20e0cc140) DEBUG  [Add(54, 18), Remove(46, 31), Remove(47, 31), Add(53, 31), Add(52, 31)]
[00:00:04.952] (20e0cc140) DEBUG  Time remaining: 14 ms
[00:00:04.970] (20e0cc140) DEBUG  Frame duration: 20 ms
[00:00:04.972] (20e0cc140) DEBUG  [Remove(54, 18), Add(55, 19)]
[00:00:04.972] (20e0cc140) DEBUG  Time remaining: 14 ms
[00:00:04.991] (20e0cc140) DEBUG  Frame duration: 20 ms
[00:00:04.992] (20e0cc140) DEBUG  [Remove(55, 19), Remove(48, 31), Remove(49, 31), Add(55, 31), Add(54, 31)]
[00:00:04.993] (20e0cc140) DEBUG  Time remaining: 14 ms
[00:00:05.011] (20e0cc140) DEBUG  Frame duration: 20 ms
[00:00:05.013] (20e0cc140) DEBUG  [Add(56, 20), Remove(54, 31), Remove(55, 31), Remove(51, 31), Remove(53, 31), Remove(52, 31), Remove(50, 31)]
[00:00:05.014] (20e0cc140) DEBUG  Time remaining: 14 ms
[00:00:05.032] (20e0cc140) DEBUG  Frame duration: 20 ms
[00:00:05.033] (20e0cc140) DEBUG  [Remove(56, 20), Add(56, 31), Add(54, 31), Add(57, 31), Add(55, 31), Add(53, 31), Add(52, 31)]
[00:00:05.034] (20e0cc140) DEBUG  Time remaining: 14 ms
[00:00:05.049] (20e0cc140) DEBUG  Frame duration: 16 ms
[00:00:05.051] (20e0cc140) DEBUG  [Remove(53, 31), Remove(52, 31), Add(59, 31), Add(58, 31)]
[00:00:05.052] (20e0cc140) DEBUG  Time remaining: 13 ms
[00:00:05.067] (20e0cc140) DEBUG  Frame duration: 18 ms
[00:00:05.069] (20e0cc140) DEBUG  [Add(58, 22), Remove(56, 31), Remove(54, 31), Remove(55, 31), Remove(59, 31), Remove(57, 31), Remove(58, 31)]
[00:00:05.069] (20e0cc140) DEBUG  Time remaining: 14 ms
[00:00:05.088] (20e0cc140) DEBUG  Frame duration: 20 ms
[00:00:05.089] (20e0cc140) DEBUG  [Remove(58, 22), Add(57, 31), Add(56, 31), Add(58, 31), Add(54, 31), Add(59, 31), Add(55, 31)]
[00:00:05.090] (20e0cc140) DEBUG  Time remaining: 14 ms
[00:00:05.108] (20e0cc140) DEBUG  Frame duration: 20 ms
[00:00:05.110] (20e0cc140) DEBUG  [Add(59, 23)]
[00:00:05.110] (20e0cc140) DEBUG  Time remaining: 14 ms
[00:00:05.129] (20e0cc140) DEBUG  Frame duration: 20 ms
[00:00:05.130] (20e0cc140) DEBUG  [Remove(59, 23), Add(60, 24)]
[00:00:05.131] (20e0cc140) DEBUG  Time remaining: 14 ms
[00:00:05.148] (20e0cc140) DEBUG  Frame duration: 18 ms
[00:00:05.150] (20e0cc140) DEBUG  [Remove(60, 24)]
[00:00:05.150] (20e0cc140) DEBUG  Time remaining: 14 ms
[00:00:05.168] (20e0cc140) DEBUG  Frame duration: 20 ms
[00:00:05.170] (20e0cc140) DEBUG  [Add(61, 25), Remove(55, 31), Remove(58, 31), Remove(57, 31), Remove(54, 31), Remove(56, 31), Remove(59, 31)]
[00:00:05.171] (20e0cc140) DEBUG  Time remaining: 13 ms
[00:00:05.188] (20e0cc140) DEBUG  Frame duration: 19 ms
[00:00:05.190] (20e0cc140) DEBUG  [Remove(61, 25), Add(62, 26), Add(57, 31), Add(54, 31), Add(55, 31), Add(56, 31), Add(59, 31), Add(58, 31)]
[00:00:05.190] (20e0cc140) DEBUG  Time remaining: 14 ms
[00:00:05.208] (20e0cc140) DEBUG  Frame duration: 20 ms
[00:00:05.210] (20e0cc140) DEBUG  [Remove(62, 26)]
[00:00:05.210] (20e0cc140) DEBUG  Time remaining: 14 ms
[00:00:05.229] (20e0cc140) DEBUG  Frame duration: 20 ms
[00:00:05.231] (20e0cc140) DEBUG  [Add(63, 27), Remove(54, 31), Remove(59, 31), Remove(55, 31), Remove(57, 31), Remove(56, 31), Remove(58, 31)]
[00:00:05.231] (20e0cc140) DEBUG  Time remaining: 14 ms
[00:00:05.249] (20e0cc140) DEBUG  Frame duration: 20 ms
[00:00:05.251] (20e0cc140) DEBUG  [Remove(63, 27), Add(60, 31), Add(56, 31), Add(57, 31), Add(58, 31), Add(59, 31), Add(61, 31)]
[00:00:05.252] (20e0cc140) DEBUG  Time remaining: 13 ms
[00:00:05.270] (20e0cc140) DEBUG  Frame duration: 20 ms
[00:00:05.272] (20e0cc140) DEBUG  [Add(62, 28), Remove(57, 31), Remove(56, 31), Add(62, 31), Add(63, 31)]
[00:00:05.272] (20e0cc140) DEBUG  Time remaining: 14 ms
[00:00:05.290] (20e0cc140) DEBUG  Frame duration: 20 ms
[00:00:05.291] (20e0cc140) DEBUG  [Remove(62, 28), Add(61, 29)]
[00:00:05.292] (20e0cc140) DEBUG  Time remaining: 15 ms
[00:00:05.311] (20e0cc140) DEBUG  Frame duration: 20 ms
[00:00:05.313] (20e0cc140) DEBUG  [Remove(61, 29), Remove(59, 31), Remove(58, 31)]
[00:00:05.313] (20e0cc140) DEBUG  Time remaining: 14 ms
[00:00:05.331] (20e0cc140) DEBUG  Frame duration: 20 ms
[00:00:05.333] (20e0cc140) DEBUG  [Add(60, 30), Remove(63, 31), Remove(60, 31), Remove(62, 31), Remove(61, 31)]
[00:00:05.334] (20e0cc140) DEBUG  Time remaining: 14 ms
[00:00:05.352] (20e0cc140) DEBUG  Frame duration: 20 ms
[00:00:05.354] (20e0cc140) DEBUG  [Remove(60, 30), Add(63, 31), Add(62, 31)]
[00:00:05.354] (20e0cc140) DEBUG  Time remaining: 14 ms
[00:00:05.372] (20e0cc140) DEBUG  Frame duration: 20 ms
[00:00:05.374] (20e0cc140) DEBUG  [Remove(8, 0)]
[00:00:05.374] (20e0cc140) DEBUG  Time remaining: 15 ms
[00:00:05.393] (20e0cc140) DEBUG  Frame duration: 20 ms
[00:00:05.395] (20e0cc140) DEBUG  []
[00:00:05.395] (20e0cc140) DEBUG  Time remaining: 14 ms
[00:00:05.414] (20e0cc140) DEBUG  Frame duration: 20 ms
[00:00:05.416] (20e0cc140) DEBUG  []
[00:00:05.416] (20e0cc140) DEBUG  Time remaining: 14 ms
[00:00:05.434] (20e0cc140) DEBUG  Frame duration: 20 ms
[00:00:05.437] (20e0cc140) DEBUG  []
[00:00:05.438] (20e0cc140) DEBUG  Time remaining: 13 ms
[00:00:05.454] (20e0cc140) DEBUG  Frame duration: 19 ms
[00:00:05.457] (20e0cc140) DEBUG  []
[00:00:05.457] (20e0cc140) DEBUG  Time remaining: 13 ms
[00:00:05.475] (20e0cc140) DEBUG  Frame duration: 19 ms
[00:00:05.478] (20e0cc140) DEBUG  []
[00:00:05.478] (20e0cc140) DEBUG  Time remaining: 13 ms
[00:00:05.495] (20e0cc140) DEBUG  Frame duration: 20 ms
[00:00:05.498] (20e0cc140) DEBUG  []
[00:00:05.498] (20e0cc140) DEBUG  Time remaining: 13 ms
[00:00:05.515] (20e0cc140) DEBUG  Frame duration: 19 ms
[00:00:05.518] (20e0cc140) DEBUG  []
[00:00:05.519] (20e0cc140) DEBUG  Time remaining: 13 ms
[00:00:05.533] (20e0cc140) DEBUG  Frame duration: 17 ms
[00:00:05.536] (20e0cc140) DEBUG  []
[00:00:05.537] (20e0cc140) DEBUG  Time remaining: 13 ms
[00:00:05.553] (20e0cc140) DEBUG  Frame duration: 19 ms
[00:00:05.556] (20e0cc140) DEBUG  []
[00:00:05.556] (20e0cc140) DEBUG  Time remaining: 13 ms
[00:00:05.571] (20e0cc140) DEBUG  Frame duration: 18 ms
[00:00:05.574] (20e0cc140) DEBUG  []
[00:00:05.575] (20e0cc140) DEBUG  Time remaining: 13 ms
[00:00:05.591] (20e0cc140) DEBUG  Frame duration: 19 ms
[00:00:05.595] (20e0cc140) DEBUG  []
[00:00:05.595] (20e0cc140) DEBUG  Time remaining: 13 ms
[00:00:05.612] (20e0cc140) DEBUG  Frame duration: 19 ms
[00:00:05.615] (20e0cc140) DEBUG  []
[00:00:05.615] (20e0cc140) DEBUG  Time remaining: 13 ms
[00:00:05.632] (20e0cc140) DEBUG  Frame duration: 19 ms
[00:00:05.635] (20e0cc140) DEBUG  []
[00:00:05.635] (20e0cc140) DEBUG  Time remaining: 13 ms
[00:00:05.652] (20e0cc140) DEBUG  Frame duration: 19 ms
[00:00:05.655] (20e0cc140) DEBUG  []
[00:00:05.655] (20e0cc140) DEBUG  Time remaining: 12 ms
[00:00:05.672] (20e0cc140) DEBUG  Frame duration: 19 ms
[00:00:05.675] (20e0cc140) DEBUG  []
[00:00:05.675] (20e0cc140) DEBUG  Time remaining: 13 ms
[00:00:05.691] (20e0cc140) DEBUG  Frame duration: 18 ms
[00:00:05.694] (20e0cc140) DEBUG  []
[00:00:05.694] (20e0cc140) DEBUG  Time remaining: 13 ms
[00:00:05.710] (20e0cc140) DEBUG  Frame duration: 18 ms
[00:00:05.713] (20e0cc140) DEBUG  []
[00:00:05.713] (20e0cc140) DEBUG  Time remaining: 13 ms
[00:00:05.731] (20e0cc140) DEBUG  Frame duration: 19 ms
[00:00:05.733] (20e0cc140) DEBUG  []
[00:00:05.733] (20e0cc140) DEBUG  Time remaining: 14 ms
[00:00:05.751] (20e0cc140) DEBUG  Frame duration: 20 ms
[00:00:05.753] (20e0cc140) DEBUG  []
[00:00:05.754] (20e0cc140) DEBUG  Time remaining: 13 ms
[00:00:05.771] (20e0cc140) DEBUG  Frame duration: 20 ms
[00:00:05.775] (20e0cc140) DEBUG  []
[00:00:05.775] (20e0cc140) DEBUG  Time remaining: 13 ms
[00:00:05.792] (20e0cc140) DEBUG  Frame duration: 19 ms
[00:00:05.794] (20e0cc140) DEBUG  []
[00:00:05.794] (20e0cc140) DEBUG  Time remaining: 14 ms
[00:00:05.809] (20e0cc140) DEBUG  Frame duration: 16 ms
[00:00:05.812] (20e0cc140) DEBUG  []
[00:00:05.812] (20e0cc140) DEBUG  Time remaining: 12 ms
[00:00:05.829] (20e0cc140) DEBUG  Frame duration: 19 ms
[00:00:05.832] (20e0cc140) DEBUG  []
[00:00:05.832] (20e0cc140) DEBUG  Time remaining: 13 ms
[00:00:05.848] (20e0cc140) DEBUG  Frame duration: 18 ms
[00:00:05.851] (20e0cc140) DEBUG  []
[00:00:05.851] (20e0cc140) DEBUG  Time remaining: 13 ms
[00:00:05.868] (20e0cc140) DEBUG  Frame duration: 19 ms
[00:00:05.871] (20e0cc140) DEBUG  []
[00:00:05.872] (20e0cc140) DEBUG  Time remaining: 13 ms
[00:00:05.887] (20e0cc140) DEBUG  Frame duration: 18 ms
[00:00:05.890] (20e0cc140) DEBUG  []
[00:00:05.890] (20e0cc140) DEBUG  Time remaining: 13 ms
[00:00:05.907] (20e0cc140) DEBUG  Frame duration: 19 ms
[00:00:05.910] (20e0cc140) DEBUG  []
[00:00:05.910] (20e0cc140) DEBUG  Time remaining: 13 ms
[00:00:05.926] (20e0cc140) DEBUG  Frame duration: 18 ms
[00:00:05.927] (20e0cc140) DEBUG  []
[00:00:05.927] (20e0cc140) DEBUG  Time remaining: 14 ms
[00:00:05.943] (20e0cc140) DEBUG  Frame duration: 16 ms
[00:00:05.946] (20e0cc140) DEBUG  []
[00:00:05.946] (20e0cc140) DEBUG  Time remaining: 13 ms
[00:00:05.963] (20e0cc140) DEBUG  Frame duration: 19 ms
[00:00:05.966] (20e0cc140) DEBUG  []
[00:00:05.966] (20e0cc140) DEBUG  Time remaining: 13 ms
[00:00:05.983] (20e0cc140) DEBUG  Frame duration: 19 ms
[00:00:05.986] (20e0cc140) DEBUG  []
[00:00:05.987] (20e0cc140) DEBUG  Time remaining: 13 ms
[00:00:06.003] (20e0cc140) DEBUG  Frame duration: 19 ms
[00:00:06.007] (20e0cc140) DEBUG  []
[00:00:06.007] (20e0cc140) DEBUG  Time remaining: 12 ms
[00:00:06.022] (20e0cc140) DEBUG  Frame duration: 18 ms
[00:00:06.026] (20e0cc140) DEBUG  []
[00:00:06.026] (20e0cc140) DEBUG  Time remaining: 12 ms
[00:00:06.042] (20e0cc140) DEBUG  Frame duration: 19 ms
[00:00:06.046] (20e0cc140) DEBUG  []
[00:00:06.046] (20e0cc140) DEBUG  Time remaining: 13 ms
[00:00:06.062] (20e0cc140) DEBUG  Frame duration: 19 ms
[00:00:06.066] (20e0cc140) DEBUG  []
[00:00:06.066] (20e0cc140) DEBUG  Time remaining: 13 ms
[00:00:06.080] (20e0cc140) DEBUG  Frame duration: 17 ms
[00:00:06.084] (20e0cc140) DEBUG  []
[00:00:06.084] (20e0cc140) DEBUG  Time remaining: 13 ms
[00:00:06.098] (20e0cc140) DEBUG  Frame duration: 17 ms
[00:00:06.102] (20e0cc140) DEBUG  []
[00:00:06.102] (20e0cc140) DEBUG  Time remaining: 13 ms
[00:00:06.119] (20e0cc140) DEBUG  Frame duration: 19 ms
[00:00:06.122] (20e0cc140) DEBUG  []
[00:00:06.122] (20e0cc140) DEBUG  Time remaining: 13 ms
[00:00:06.138] (20e0cc140) DEBUG  Frame duration: 19 ms
[00:00:06.140] (20e0cc140) DEBUG  []
[00:00:06.140] (20e0cc140) DEBUG  Time remaining: 14 ms
[00:00:06.155] (20e0cc140) DEBUG  Frame duration: 16 ms
[00:00:06.157] (20e0cc140) DEBUG  []
[00:00:06.158] (20e0cc140) DEBUG  Time remaining: 14 ms
[00:00:06.173] (20e0cc140) DEBUG  Frame duration: 16 ms
[00:00:06.176] (20e0cc140) DEBUG  []
[00:00:06.176] (20e0cc140) DEBUG  Time remaining: 13 ms
[00:00:06.193] (20e0cc140) DEBUG  Frame duration: 19 ms
[00:00:06.196] (20e0cc140) DEBUG  []
[00:00:06.197] (20e0cc140) DEBUG  Time remaining: 13 ms
[00:00:06.213] (20e0cc140) DEBUG  Frame duration: 19 ms
[00:00:06.216] (20e0cc140) DEBUG  []
[00:00:06.217] (20e0cc140) DEBUG  Time remaining: 13 ms
[00:00:06.233] (20e0cc140) DEBUG  Frame duration: 19 ms
[00:00:06.236] (20e0cc140) DEBUG  []
[00:00:06.237] (20e0cc140) DEBUG  Time remaining: 13 ms
[00:00:06.254] (20e0cc140) DEBUG  Frame duration: 19 ms
[00:00:06.257] (20e0cc140) DEBUG  []
[00:00:06.257] (20e0cc140) DEBUG  Time remaining: 13 ms
[00:00:06.274] (20e0cc140) DEBUG  Frame duration: 19 ms
[00:00:06.277] (20e0cc140) DEBUG  []
[00:00:06.278] (20e0cc140) DEBUG  Time remaining: 13 ms
[00:00:06.294] (20e0cc140) DEBUG  Frame duration: 19 ms
[00:00:06.298] (20e0cc140) DEBUG  []
[00:00:06.298] (20e0cc140) DEBUG  Time remaining: 12 ms
[00:00:06.314] (20e0cc140) DEBUG  Frame duration: 19 ms
[00:00:06.317] (20e0cc140) DEBUG  []
[00:00:06.318] (20e0cc140) DEBUG  Time remaining: 13 ms
[00:00:06.335] (20e0cc140) DEBUG  Frame duration: 20 ms
[00:00:06.336] (20e0cc140) DEBUG  []
[00:00:06.336] (20e0cc140) DEBUG  Time remaining: 14 ms
[00:00:06.355] (20e0cc140) DEBUG  Frame duration: 20 ms
[00:00:06.357] (20e0cc140) DEBUG  []
[00:00:06.357] (20e0cc140) DEBUG  Time remaining: 14 ms
[00:00:06.376] (20e0cc140) DEBUG  Frame duration: 20 ms
[00:00:06.379] (20e0cc140) DEBUG  []
[00:00:06.379] (20e0cc140) DEBUG  Time remaining: 13 ms
[00:00:06.396] (20e0cc140) DEBUG  Frame duration: 19 ms
[00:00:06.399] (20e0cc140) DEBUG  []
[00:00:06.400] (20e0cc140) DEBUG  Time remaining: 13 ms
[00:00:06.416] (20e0cc140) DEBUG  Frame duration: 19 ms
[00:00:06.419] (20e0cc140) DEBUG  []
[00:00:06.420] (20e0cc140) DEBUG  Time remaining: 13 ms
[00:00:06.436] (20e0cc140) DEBUG  Frame duration: 19 ms
[00:00:06.440] (20e0cc140) DEBUG  []
[00:00:06.440] (20e0cc140) DEBUG  Time remaining: 13 ms
[00:00:06.456] (20e0cc140) DEBUG  Frame duration: 19 ms
[00:00:06.459] (20e0cc140) DEBUG  []
[00:00:06.459] (20e0cc140) DEBUG  Time remaining: 13 ms
[00:00:06.475] (20e0cc140) DEBUG  Frame duration: 18 ms
[00:00:06.479] (20e0cc140) DEBUG  []
[00:00:06.479] (20e0cc140) DEBUG  Time remaining: 13 ms
[00:00:06.495] (20e0cc140) DEBUG  Frame duration: 19 ms
[00:00:06.499] (20e0cc140) DEBUG  []
[00:00:06.499] (20e0cc140) DEBUG  Time remaining: 13 ms
[00:00:06.513] (20e0cc140) DEBUG  Frame duration: 16 ms
[00:00:06.516] (20e0cc140) DEBUG  []
[00:00:06.516] (20e0cc140) DEBUG  Time remaining: 13 ms
[00:00:06.531] (20e0cc140) DEBUG  Frame duration: 18 ms
[00:00:06.535] (20e0cc140) DEBUG  []
[00:00:06.535] (20e0cc140) DEBUG  Time remaining: 13 ms
[00:00:06.552] (20e0cc140) DEBUG  Frame duration: 19 ms
[00:00:06.555] (20e0cc140) DEBUG  []
[00:00:06.555] (20e0cc140) DEBUG  Time remaining: 13 ms
[00:00:06.570] (20e0cc140) DEBUG  Frame duration: 17 ms
[00:00:06.573] (20e0cc140) DEBUG  []
[00:00:06.573] (20e0cc140) DEBUG  Time remaining: 13 ms
[00:00:06.589] (20e0cc140) DEBUG  Frame duration: 19 ms
[00:00:06.592] (20e0cc140) DEBUG  []
[00:00:06.593] (20e0cc140) DEBUG  Time remaining: 12 ms
[00:00:06.609] (20e0cc140) DEBUG  Frame duration: 19 ms
[00:00:06.612] (20e0cc140) DEBUG  []
[00:00:06.612] (20e0cc140) DEBUG  Time remaining: 13 ms
[00:00:06.629] (20e0cc140) DEBUG  Frame duration: 19 ms
[00:00:06.632] (20e0cc140) DEBUG  [Add(3, 30), Remove(63, 31), Remove(62, 31)]
[00:00:06.633] (20e0cc140) DEBUG  Time remaining: 12 ms
[00:00:06.646] (20e0cc140) DEBUG  Frame duration: 16 ms
[00:00:06.648] (20e0cc140) DEBUG  [Add(4, 29), Remove(3, 30), Add(62, 31), Add(63, 31)]
[00:00:06.648] (20e0cc140) DEBUG  Time remaining: 14 ms
[00:00:06.667] (20e0cc140) DEBUG  Frame duration: 20 ms
[00:00:06.668] (20e0cc140) DEBUG  [Remove(4, 29)]
[00:00:06.669] (20e0cc140) DEBUG  Time remaining: 14 ms
[00:00:06.687] (20e0cc140) DEBUG  Frame duration: 20 ms
[00:00:06.689] (20e0cc140) DEBUG  [Add(5, 28), Remove(62, 31), Remove(63, 31)]
[00:00:06.690] (20e0cc140) DEBUG  Time remaining: 14 ms
[00:00:06.705] (20e0cc140) DEBUG  Frame duration: 17 ms
[00:00:06.707] (20e0cc140) DEBUG  [Remove(5, 28), Add(63, 31), Add(62, 31)]
[00:00:06.707] (20e0cc140) DEBUG  Time remaining: 14 ms
[00:00:06.725] (20e0cc140) DEBUG  Frame duration: 20 ms
[00:00:06.727] (20e0cc140) DEBUG  []
[00:00:06.727] (20e0cc140) DEBUG  Time remaining: 14 ms
[00:00:06.746] (20e0cc140) DEBUG  Frame duration: 20 ms
[00:00:06.748] (20e0cc140) DEBUG  [Add(7, 26), Remove(63, 31), Remove(62, 31)]
[00:00:06.749] (20e0cc140) DEBUG  Time remaining: 13 ms
[00:00:06.766] (20e0cc140) DEBUG  Frame duration: 19 ms
[00:00:06.768] (20e0cc140) DEBUG  [Remove(7, 26), Add(63, 31), Add(62, 31)]
[00:00:06.768] (20e0cc140) DEBUG  Time remaining: 14 ms
[00:00:06.786] (20e0cc140) DEBUG  Frame duration: 20 ms
[00:00:06.788] (20e0cc140) DEBUG  [Add(8, 25)]
[00:00:06.788] (20e0cc140) DEBUG  Time remaining: 14 ms
[00:00:06.807] (20e0cc140) DEBUG  Frame duration: 20 ms
[00:00:06.809] (20e0cc140) DEBUG  [Add(9, 24), Remove(8, 25)]
[00:00:06.809] (20e0cc140) DEBUG  Time remaining: 14 ms
[00:00:06.827] (20e0cc140) DEBUG  Frame duration: 20 ms
[00:00:06.829] (20e0cc140) DEBUG  [Remove(9, 24)]
[00:00:06.829] (20e0cc140) DEBUG  Time remaining: 14 ms
[00:00:06.848] (20e0cc140) DEBUG  Frame duration: 20 ms
[00:00:06.850] (20e0cc140) DEBUG  [Add(10, 23), Remove(63, 31), Remove(62, 31)]
[00:00:06.850] (20e0cc140) DEBUG  Time remaining: 14 ms
[00:00:06.865] (20e0cc140) DEBUG  Frame duration: 16 ms
[00:00:06.867] (20e0cc140) DEBUG  [Add(11, 22), Remove(10, 23), Add(62, 31), Add(63, 31)]
[00:00:06.867] (20e0cc140) DEBUG  Time remaining: 14 ms
[00:00:06.886] (20e0cc140) DEBUG  Frame duration: 20 ms
[00:00:06.887] (20e0cc140) DEBUG  [Remove(11, 22)]
[00:00:06.888] (20e0cc140) DEBUG  Time remaining: 14 ms
[00:00:06.906] (20e0cc140) DEBUG  Frame duration: 20 ms
[00:00:06.908] (20e0cc140) DEBUG  [Add(12, 21), Remove(62, 31), Remove(63, 31)]
[00:00:06.908] (20e0cc140) DEBUG  Time remaining: 14 ms
[00:00:06.925] (20e0cc140) DEBUG  Frame duration: 18 ms
[00:00:06.926] (20e0cc140) DEBUG  [Remove(12, 21), Add(63, 31), Add(62, 31)]
[00:00:06.927] (20e0cc140) DEBUG  Time remaining: 14 ms
[00:00:06.945] (20e0cc140) DEBUG  Frame duration: 20 ms
[00:00:06.947] (20e0cc140) DEBUG  []
[00:00:06.947] (20e0cc140) DEBUG  Time remaining: 14 ms
[00:00:06.966] (20e0cc140) DEBUG  Frame duration: 20 ms
[00:00:06.968] (20e0cc140) DEBUG  [Add(14, 19), Remove(63, 31), Remove(62, 31)]
[00:00:06.969] (20e0cc140) DEBUG  Time remaining: 13 ms
[00:00:06.985] (20e0cc140) DEBUG  Frame duration: 19 ms
[00:00:06.987] (20e0cc140) DEBUG  [Remove(14, 19), Add(61, 31), Add(62, 31), Add(63, 31), Add(60, 31)]
[00:00:06.988] (20e0cc140) DEBUG  Time remaining: 14 ms
[00:00:07.006] (20e0cc140) DEBUG  Frame duration: 20 ms
[00:00:07.008] (20e0cc140) DEBUG  [Add(15, 18), Remove(62, 31), Remove(60, 31), Remove(61, 31), Remove(63, 31)]
[00:00:07.008] (20e0cc140) DEBUG  Time remaining: 14 ms
[00:00:07.027] (20e0cc140) DEBUG  Frame duration: 20 ms
[00:00:07.028] (20e0cc140) DEBUG  [Remove(16, 17), Remove(15, 18), Add(59, 31), Add(61, 31), Add(62, 31), Add(60, 31), Add(63, 31), Add(58, 31)]
[00:00:07.029] (20e0cc140) DEBUG  Time remaining: 14 ms
[00:00:07.047] (20e0cc140) DEBUG  Frame duration: 20 ms
[00:00:07.049] (20e0cc140) DEBUG  [Remove(19, 17), Remove(18, 17), Remove(17, 17), Add(16, 17)]
[00:00:07.049] (20e0cc140) DEBUG  Time remaining: 14 ms
[00:00:07.067] (20e0cc140) DEBUG  Frame duration: 19 ms
[00:00:07.069] (20e0cc140) DEBUG  [Remove(56, 0), Remove(60, 0), Remove(63, 0), Remove(62, 0), Remove(57, 0), Remove(58, 0), Remove(61, 0), Remove(55, 0), Remove(55, 1), Remove(63, 1), Remove(58, 1), Remove(62, 2), Remove(61, 2), Remove(58, 2), Remove(63, 2), Remove(55, 2), Remove(60, 2), Remove(63, 3), Remove(58, 3), Remove(55, 3), Remove(57, 4), Remove(62, 4), Remove(56, 4), Remove(55, 4), Remove(61, 4), Remove(58, 4), Remove(63, 4), Remove(60, 4)]
[00:00:07.071] (20e0cc140) DEBUG  Time remaining: 12 ms
[00:00:07.087] (20e0cc140) DEBUG  Frame duration: 19 ms
[00:00:07.089] (20e0cc140) DEBUG  [Add(60, 0), Add(55, 0), Add(56, 0), Add(58, 0), Add(57, 0), Add(63, 0), Add(63, 1), Add(58, 1), Add(60, 1), Add(55, 1), Add(60, 2), Add(62, 2), Add(58, 2), Add(55, 2), Add(61, 2), Add(63, 2), Add(63, 3), Add(58, 3), Add(55, 3), Add(63, 4), Add(56, 4), Add(57, 4), Add(58, 4), Add(55, 4), Remove(59, 31), Remove(61, 31), Remove(62, 31), Remove(63, 31), Remove(58, 31), Remove(60, 31)]
[00:00:07.091] (20e0cc140) DEBUG  Time remaining: 12 ms
[00:00:07.107] (20e0cc140) DEBUG  Frame duration: 19 ms
[00:00:07.109] (20e0cc140) DEBUG  [Remove(16, 17), Add(17, 18), Add(59, 31), Add(56, 31), Add(57, 31), Add(58, 31), Add(60, 31), Add(61, 31)]
[00:00:07.109] (20e0cc140) DEBUG  Time remaining: 14 ms
[00:00:07.128] (20e0cc140) DEBUG  Frame duration: 20 ms
[00:00:07.129] (20e0cc140) DEBUG  [Remove(17, 18), Remove(60, 31), Remove(61, 31), Add(55, 31), Add(54, 31)]
[00:00:07.129] (20e0cc140) DEBUG  Time remaining: 14 ms
[00:00:07.147] (20e0cc140) DEBUG  Frame duration: 19 ms
[00:00:07.149] (20e0cc140) DEBUG  [Add(18, 19), Remove(56, 31), Remove(59, 31), Remove(57, 31), Remove(54, 31), Remove(55, 31), Remove(58, 31)]
[00:00:07.149] (20e0cc140) DEBUG  Time remaining: 14 ms
[00:00:07.168] (20e0cc140) DEBUG  Frame duration: 20 ms
[00:00:07.170] (20e0cc140) DEBUG  [Remove(18, 19), Add(56, 31), Add(54, 31), Add(57, 31), Add(52, 31), Add(55, 31), Add(53, 31)]
[00:00:07.170] (20e0cc140) DEBUG  Time remaining: 13 ms
[00:00:07.188] (20e0cc140) DEBUG  Frame duration: 20 ms
[00:00:07.190] (20e0cc140) DEBUG  [Add(19, 20), Remove(56, 31), Remove(57, 31), Add(50, 31), Add(51, 31)]
[00:00:07.190] (20e0cc140) DEBUG  Time remaining: 14 ms
[00:00:07.205] (20e0cc140) DEBUG  Frame duration: 16 ms
[00:00:07.207] (20e0cc140) DEBUG  [Remove(19, 20), Add(20, 21)]
[00:00:07.207] (20e0cc140) DEBUG  Time remaining: 14 ms
[00:00:07.226] (20e0cc140) DEBUG  Frame duration: 20 ms
[00:00:07.227] (20e0cc140) DEBUG  [Remove(20, 21), Remove(54, 31), Remove(55, 31), Add(48, 31), Add(49, 31)]
[00:00:07.228] (20e0cc140) DEBUG  Time remaining: 14 ms
[00:00:07.246] (20e0cc140) DEBUG  Frame duration: 20 ms
[00:00:07.248] (20e0cc140) DEBUG  [Add(21, 22), Remove(51, 31), Remove(49, 31), Remove(48, 31), Remove(52, 31), Remove(50, 31), Remove(53, 31)]
[00:00:07.248] (20e0cc140) DEBUG  Time remaining: 14 ms
[00:00:07.264] (20e0cc140) DEBUG  Frame duration: 17 ms
[00:00:07.266] (20e0cc140) DEBUG  [Remove(21, 22), Add(22, 23), Add(47, 31), Add(48, 31), Add(49, 31), Add(50, 31), Add(51, 31), Add(46, 31)]
[00:00:07.266] (20e0cc140) DEBUG  Time remaining: 14 ms
[00:00:07.284] (20e0cc140) DEBUG  Frame duration: 20 ms
[00:00:07.286] (20e0cc140) DEBUG  [Remove(22, 23), Remove(51, 31), Remove(50, 31), Add(45, 31), Add(44, 31)]
[00:00:07.286] (20e0cc140) DEBUG  Time remaining: 14 ms
[00:00:07.305] (20e0cc140) DEBUG  Frame duration: 20 ms
[00:00:07.307] (20e0cc140) DEBUG  [Add(23, 24), Remove(47, 31), Remove(44, 31), Remove(48, 31), Remove(45, 31), Remove(49, 31), Remove(46, 31)]
[00:00:07.308] (20e0cc140) DEBUG  Time remaining: 13 ms
[00:00:07.325] (20e0cc140) DEBUG  Frame duration: 20 ms
[00:00:07.327] (20e0cc140) DEBUG  [Remove(23, 24), Add(42, 31), Add(43, 31), Add(44, 31), Add(45, 31), Add(46, 31), Add(47, 31)]
[00:00:07.327] (20e0cc140) DEBUG  Time remaining: 14 ms
[00:00:07.342] (20e0cc140) DEBUG  Frame duration: 16 ms
[00:00:07.344] (20e0cc140) DEBUG  [Add(24, 25), Remove(44, 31), Remove(47, 31), Remove(45, 31), Remove(46, 31), Remove(43, 31), Remove(42, 31)]
[00:00:07.345] (20e0cc140) DEBUG  Time remaining: 13 ms
[00:00:07.362] (20e0cc140) DEBUG  Frame duration: 20 ms
[00:00:07.364] (20e0cc140) DEBUG  [Remove(24, 25), Add(25, 26), Add(40, 31), Add(44, 31), Add(43, 31), Add(42, 31), Add(41, 31), Add(45, 31)]
[00:00:07.365] (20e0cc140) DEBUG  Time remaining: 14 ms
[00:00:07.382] (20e0cc140) DEBUG  Frame duration: 19 ms
[00:00:07.383] (20e0cc140) DEBUG  [Remove(25, 26), Remove(44, 31), Remove(45, 31), Add(39, 31), Add(38, 31)]
[00:00:07.384] (20e0cc140) DEBUG  Time remaining: 14 ms
[00:00:07.402] (20e0cc140) DEBUG  Frame duration: 20 ms
[00:00:07.404] (20e0cc140) DEBUG  [Add(26, 27), Remove(40, 31), Remove(42, 31), Remove(39, 31), Remove(41, 31), Remove(43, 31), Remove(38, 31)]
[00:00:07.404] (20e0cc140) DEBUG  Time remaining: 14 ms
[00:00:07.423] (20e0cc140) DEBUG  Frame duration: 20 ms
[00:00:07.424] (20e0cc140) DEBUG  [Remove(26, 27), Add(36, 31), Add(37, 31), Add(40, 31), Add(41, 31), Add(39, 31), Add(38, 31)]
[00:00:07.424] (20e0cc140) DEBUG  Time remaining: 14 ms
[00:00:07.443] (20e0cc140) DEBUG  Frame duration: 20 ms
[00:00:07.445] (20e0cc140) DEBUG  [Add(27, 28), Remove(41, 31), Remove(40, 31), Add(35, 31), Add(34, 31)]
[00:00:07.445] (20e0cc140) DEBUG  Time remaining: 14 ms
[00:00:07.462] (20e0cc140) DEBUG  Frame duration: 18 ms
[00:00:07.464] (20e0cc140) DEBUG  [Remove(27, 28), Add(28, 29)]
[00:00:07.464] (20e0cc140) DEBUG  Time remaining: 14 ms
[00:00:07.483] (20e0cc140) DEBUG  Frame duration: 20 ms
[00:00:07.484] (20e0cc140) DEBUG  [Remove(28, 29), Remove(38, 31), Remove(39, 31), Add(33, 31), Add(32, 31)]
[00:00:07.485] (20e0cc140) DEBUG  Time remaining: 14 ms
[00:00:07.503] (20e0cc140) DEBUG  Frame duration: 20 ms
[00:00:07.505] (20e0cc140) DEBUG  [Add(29, 30), Remove(36, 31), Remove(32, 31), Remove(34, 31), Remove(33, 31), Remove(37, 31), Remove(35, 31)]
[00:00:07.505] (20e0cc140) DEBUG  Time remaining: 14 ms
[00:00:07.524] (20e0cc140) DEBUG  Frame duration: 20 ms
[00:00:07.525] (20e0cc140) DEBUG  [Remove(29, 30), Add(35, 31), Add(30, 31), Add(34, 31), Add(33, 31), Add(31, 31), Add(32, 31)]
[00:00:07.525] (20e0cc140) DEBUG  Time remaining: 14 ms
[00:00:07.544] (20e0cc140) DEBUG  Frame duration: 20 ms
[00:00:07.546] (20e0cc140) DEBUG  [Remove(30, 31)]
[00:00:07.546] (20e0cc140) DEBUG  Time remaining: 14 ms
[00:00:07.564] (20e0cc140) DEBUG  Frame duration: 19 ms
[00:00:07.565] (20e0cc140) DEBUG  [Remove(35, 31), Remove(34, 31), Add(30, 31), Add(28, 31), Add(29, 31)]
[00:00:07.566] (20e0cc140) DEBUG  Time remaining: 14 ms
[00:00:07.584] (20e0cc140) DEBUG  Frame duration: 20 ms
[00:00:07.586] (20e0cc140) DEBUG  [Add(30, 30), Remove(28, 31), Remove(31, 31), Remove(29, 31), Remove(30, 31), Remove(33, 31), Remove(32, 31)]
[00:00:07.587] (20e0cc140) DEBUG  Time remaining: 14 ms
[00:00:07.605] (20e0cc140) DEBUG  Frame duration: 20 ms
[00:00:07.606] (20e0cc140) DEBUG  [Remove(30, 30), Add(30, 31), Add(32, 31), Add(33, 31), Add(29, 31), Add(28, 31), Add(31, 31)]
[00:00:07.607] (20e0cc140) DEBUG  Time remaining: 14 ms
[00:00:07.625] (20e0cc140) DEBUG  Frame duration: 20 ms
[00:00:07.627] (20e0cc140) DEBUG  [Add(30, 29)]
[00:00:07.627] (20e0cc140) DEBUG  Time remaining: 14 ms
[00:00:07.646] (20e0cc140) DEBUG  Frame duration: 20 ms
[00:00:07.648] (20e0cc140) DEBUG  [Add(30, 28), Remove(30, 29)]
[00:00:07.648] (20e0cc140) DEBUG  Time remaining: 14 ms
[00:00:07.667] (20e0cc140) DEBUG  Frame duration: 20 ms
[00:00:07.669] (20e0cc140) DEBUG  [Remove(30, 28)]
[00:00:07.669] (20e0cc140) DEBUG  Time remaining: 14 ms
[00:00:07.687] (20e0cc140) DEBUG  Frame duration: 20 ms
[00:00:07.689] (20e0cc140) DEBUG  [Add(30, 27), Remove(31, 31), Remove(28, 31), Remove(33, 31), Remove(32, 31), Remove(30, 31), Remove(29, 31)]
[00:00:07.690] (20e0cc140) DEBUG  Time remaining: 13 ms
[00:00:07.704] (20e0cc140) DEBUG  Frame duration: 16 ms
[00:00:07.706] (20e0cc140) DEBUG  [Add(30, 26), Remove(30, 27), Add(29, 31), Add(28, 31), Add(30, 31), Add(31, 31), Add(32, 31), Add(33, 31)]
[00:00:07.707] (20e0cc140) DEBUG  Time remaining: 14 ms
[00:00:07.722] (20e0cc140) DEBUG  Frame duration: 17 ms
[00:00:07.724] (20e0cc140) DEBUG  [Remove(30, 26)]
[00:00:07.724] (20e0cc140) DEBUG  Time remaining: 14 ms
[00:00:07.740] (20e0cc140) DEBUG  Frame duration: 18 ms
[00:00:07.742] (20e0cc140) DEBUG  [Add(30, 25), Remove(28, 31), Remove(33, 31), Remove(32, 31), Remove(29, 31), Remove(30, 31), Remove(31, 31)]
[00:00:07.743] (20e0cc140) DEBUG  Time remaining: 14 ms
[00:00:07.760] (20e0cc140) DEBUG  Frame duration: 19 ms
[00:00:07.762] (20e0cc140) DEBUG  [Remove(30, 25), Add(33, 31), Add(29, 31), Add(32, 31), Add(30, 31), Add(31, 31), Add(28, 31)]
[00:00:07.763] (20e0cc140) DEBUG  Time remaining: 14 ms
[00:00:07.781] (20e0cc140) DEBUG  Frame duration: 20 ms
[00:00:07.782] (20e0cc140) DEBUG  []
[00:00:07.783] (20e0cc140) DEBUG  Time remaining: 14 ms
[00:00:07.799] (20e0cc140) DEBUG  Frame duration: 17 ms
[00:00:07.801] (20e0cc140) DEBUG  [Add(30, 23), Remove(28, 31), Remove(30, 31), Remove(32, 31), Remove(33, 31), Remove(31, 31), Remove(29, 31)]
[00:00:07.802] (20e0cc140) DEBUG  Time remaining: 13 ms
[00:00:07.819] (20e0cc140) DEBUG  Frame duration: 19 ms
[00:00:07.821] (20e0cc140) DEBUG  [Remove(30, 23), Add(28, 31), Add(32, 31), Add(29, 31), Add(30, 31), Add(33, 31), Add(31, 31)]
[00:00:07.822] (20e0cc140) DEBUG  Time remaining: 13 ms
[00:00:07.837] (20e0cc140) DEBUG  Frame duration: 17 ms
[00:00:07.839] (20e0cc140) DEBUG  [Add(30, 22)]
[00:00:07.839] (20e0cc140) DEBUG  Time remaining: 13 ms
[00:00:07.857] (20e0cc140) DEBUG  Frame duration: 19 ms
[00:00:07.859] (20e0cc140) DEBUG  [Add(30, 21), Remove(30, 22)]
[00:00:07.859] (20e0cc140) DEBUG  Time remaining: 14 ms
[00:00:07.878] (20e0cc140) DEBUG  Frame duration: 20 ms
[00:00:07.879] (20e0cc140) DEBUG  [Remove(30, 21)]
[00:00:07.879] (20e0cc140) DEBUG  Time remaining: 14 ms
[00:00:07.898] (20e0cc140) DEBUG  Frame duration: 20 ms
[00:00:07.900] (20e0cc140) DEBUG  [Add(30, 20), Remove(33, 31), Remove(32, 31), Remove(28, 31), Remove(31, 31), Remove(30, 31), Remove(29, 31)]
[00:00:07.900] (20e0cc140) DEBUG  Time remaining: 14 ms
[00:00:07.919] (20e0cc140) DEBUG  Frame duration: 20 ms
[00:00:07.920] (20e0cc140) DEBUG  [Add(30, 19), Remove(30, 20), Add(33, 31), Add(35, 31), Add(30, 31), Add(31, 31), Add(32, 31), Add(34, 31)]
[00:00:07.921] (20e0cc140) DEBUG  Time remaining: 14 ms
[00:00:07.939] (20e0cc140) DEBUG  Frame duration: 20 ms
[00:00:07.941] (20e0cc140) DEBUG  [Remove(30, 19), Remove(31, 31), Remove(30, 31), Add(37, 31), Add(36, 31)]
[00:00:07.941] (20e0cc140) DEBUG  Time remaining: 14 ms
[00:00:07.960] (20e0cc140) DEBUG  Frame duration: 20 ms
[00:00:07.961] (20e0cc140) DEBUG  [Add(30, 18), Remove(36, 31), Remove(34, 31), Remove(33, 31), Remove(37, 31), Remove(35, 31), Remove(32, 31)]
[00:00:07.962] (20e0cc140) DEBUG  Time remaining: 14 ms
[00:00:07.980] (20e0cc140) DEBUG  Frame duration: 20 ms
[00:00:07.982] (20e0cc140) DEBUG  [Remove(30, 18), Add(39, 31), Add(36, 31), Add(35, 31), Add(38, 31), Add(34, 31), Add(37, 31)]
[00:00:07.982] (20e0cc140) DEBUG  Time remaining: 14 ms
[00:00:07.999] (20e0cc140) DEBUG  Frame duration: 18 ms
[00:00:08.000] (20e0cc140) DEBUG  [Remove(29, 17), Remove(28, 17), Remove(31, 17)]
[00:00:08.001] (20e0cc140) DEBUG  Time remaining: 14 ms
[00:00:08.019] (20e0cc140) DEBUG  Frame duration: 20 ms
[00:00:08.021] (20e0cc140) DEBUG  [Remove(55, 0), Remove(58, 0), Remove(57, 0), Remove(56, 0), Remove(60, 0), Remove(63, 0), Remove(55, 1), Remove(58, 1), Remove(60, 1), Remove(63, 1), Remove(62, 2), Remove(58, 2), Remove(60, 2), Remove(61, 2), Remove(63, 2), Remove(55, 2), Remove(55, 3), Remove(58, 3), Remove(63, 3), Remove(55, 4), Remove(56, 4), Remove(57, 4), Remove(58, 4), Remove(63, 4)]
[00:00:08.023] (20e0cc140) DEBUG  Time remaining: 12 ms
[00:00:08.039] (20e0cc140) DEBUG  Frame duration: 19 ms
[00:00:08.041] (20e0cc140) DEBUG  [Add(55, 0), Add(57, 0), Add(60, 0), Add(61, 0), Add(62, 0), Add(56, 0), Add(58, 0), Add(63, 0), Add(58, 1), Add(55, 1), Add(60, 1), Add(58, 2), Add(55, 2), Add(60, 2), Add(62, 2), Add(61, 2), Add(63, 2), Add(55, 3), Add(63, 3), Add(58, 3), Add(63, 4), Add(61, 4), Add(62, 4), Add(57, 4), Add(58, 4), Add(55, 4), Add(56, 4), Add(60, 4), Remove(37, 31), Remove(35, 31), Remove(36, 31), Remove(38, 31), Remove(39, 31), Remove(34, 31)]
[00:00:08.043] (20e0cc140) DEBUG  Time remaining: 12 ms
[00:00:08.059] (20e0cc140) DEBUG  Frame duration: 19 ms
[00:00:08.061] (20e0cc140) DEBUG  [Remove(30, 17), Add(38, 31), Add(37, 31), Add(40, 31), Add(36, 31), Add(41, 31), Add(39, 31)]
[00:00:08.062] (20e0cc140) DEBUG  Time remaining: 14 ms
[00:00:08.080] (20e0cc140) DEBUG  Frame duration: 20 ms
[00:00:08.082] (20e0cc140) DEBUG  [Add(30, 18)]
[00:00:08.082] (20e0cc140) DEBUG  Time remaining: 14 ms
[00:00:08.100] (20e0cc140) DEBUG  Frame duration: 20 ms
[00:00:08.102] (20e0cc140) DEBUG  [Remove(30, 18), Add(30, 19)]
[00:00:08.102] (20e0cc140) DEBUG  Time remaining: 14 ms
[00:00:08.121] (20e0cc140) DEBUG  Frame duration: 20 ms
[00:00:08.122] (20e0cc140) DEBUG  [Remove(30, 19), Remove(41, 31), Remove(40, 31), Add(35, 31), Add(34, 31)]
[00:00:08.122] (20e0cc140) DEBUG  Time remaining: 15 ms
[00:00:08.142] (20e0cc140) DEBUG  Frame duration: 20 ms
[00:00:08.144] (20e0cc140) DEBUG  [Add(30, 20), Remove(38, 31), Remove(35, 31), Remove(34, 31), Remove(36, 31), Remove(37, 31), Remove(39, 31)]
[00:00:08.144] (20e0cc140) DEBUG  Time remaining: 14 ms
[00:00:08.161] (20e0cc140) DEBUG  Frame duration: 19 ms
[00:00:08.163] (20e0cc140) DEBUG  [Remove(30, 20), Add(30, 21), Add(37, 31), Add(35, 31), Add(36, 31), Add(32, 31), Add(34, 31), Add(33, 31)]
[00:00:08.163] (20e0cc140) DEBUG  Time remaining: 14 ms
[00:00:08.180] (20e0cc140) DEBUG  Frame duration: 18 ms
[00:00:08.182] (20e0cc140) DEBUG  [Remove(30, 21), Remove(36, 31), Remove(37, 31), Add(31, 31), Add(30, 31)]
[00:00:08.183] (20e0cc140) DEBUG  Time remaining: 14 ms
[00:00:08.201] (20e0cc140) DEBUG  Frame duration: 20 ms
[00:00:08.203] (20e0cc140) DEBUG  [Add(30, 22), Remove(30, 31), Remove(33, 31), Remove(31, 31), Remove(35, 31), Remove(32, 31), Remove(34, 31)]
[00:00:08.203] (20e0cc140) DEBUG  Time remaining: 13 ms
[00:00:08.221] (20e0cc140) DEBUG  Frame duration: 20 ms
[00:00:08.223] (20e0cc140) DEBUG  [Remove(30, 22), Add(33, 31), Add(29, 31), Add(30, 31), Add(28, 31), Add(32, 31), Add(31, 31)]
[00:00:08.224] (20e0cc140) DEBUG  Time remaining: 14 ms
[00:00:08.241] (20e0cc140) DEBUG  Frame duration: 20 ms
[00:00:08.243] (20e0cc140) DEBUG  [Add(30, 23), Remove(31, 31), Remove(29, 31), Remove(32, 31), Remove(33, 31), Remove(30, 31), Remove(28, 31)]
[00:00:08.244] (20e0cc140) DEBUG  Time remaining: 14 ms
[00:00:08.262] (20e0cc140) DEBUG  Frame duration: 20 ms
[00:00:08.263] (20e0cc140) DEBUG  [Remove(30, 23), Add(30, 24), Add(28, 31), Add(26, 31), Add(31, 31), Add(29, 31), Add(27, 31), Add(30, 31)]
[00:00:08.264] (20e0cc140) DEBUG  Time remaining: 14 ms
[00:00:08.282] (20e0cc140) DEBUG  Frame duration: 20 ms
[00:00:08.284] (20e0cc140) DEBUG  [Remove(30, 24)]
[00:00:08.284] (20e0cc140) DEBUG  Time remaining: 14 ms
[00:00:08.303] (20e0cc140) DEBUG  Frame duration: 20 ms
[00:00:08.305] (20e0cc140) DEBUG  [Add(30, 25), Remove(31, 31), Remove(26, 31), Remove(29, 31), Remove(28, 31), Remove(30, 31), Remove(27, 31)]
[00:00:08.305] (20e0cc140) DEBUG  Time remaining: 13 ms
[00:00:08.321] (20e0cc140) DEBUG  Frame duration: 17 ms
[00:00:08.323] (20e0cc140) DEBUG  [Remove(30, 25), Add(30, 26), Add(27, 31), Add(26, 31), Add(29, 31), Add(30, 31), Add(28, 31), Add(31, 31)]
[00:00:08.324] (20e0cc140) DEBUG  Time remaining: 13 ms
[00:00:08.340] (20e0cc140) DEBUG  Frame duration: 18 ms
[00:00:08.342] (20e0cc140) DEBUG  [Remove(30, 26)]
[00:00:08.342] (20e0cc140) DEBUG  Time remaining: 14 ms
[00:00:08.361] (20e0cc140) DEBUG  Frame duration: 20 ms
[00:00:08.362] (20e0cc140) DEBUG  [Add(30, 27), Remove(26, 31), Remove(29, 31), Remove(31, 31), Remove(28, 31), Remove(27, 31), Remove(30, 31)]
[00:00:08.363] (20e0cc140) DEBUG  Time remaining: 14 ms
[00:00:08.381] (20e0cc140) DEBUG  Frame duration: 20 ms
[00:00:08.383] (20e0cc140) DEBUG  [Remove(30, 27), Add(26, 31), Add(27, 31), Add(30, 31), Add(31, 31), Add(29, 31), Add(28, 31)]
[00:00:08.383] (20e0cc140) DEBUG  Time remaining: 14 ms
[00:00:08.401] (20e0cc140) DEBUG  Frame duration: 20 ms
[00:00:08.403] (20e0cc140) DEBUG  []
[00:00:08.403] (20e0cc140) DEBUG  Time remaining: 14 ms
[00:00:08.421] (20e0cc140) DEBUG  Frame duration: 19 ms
[00:00:08.423] (20e0cc140) DEBUG  [Add(30, 29), Remove(31, 31), Remove(29, 31), Remove(28, 31), Remove(27, 31), Remove(26, 31), Remove(30, 31)]
[00:00:08.424] (20e0cc140) DEBUG  Time remaining: 13 ms
[00:00:08.441] (20e0cc140) DEBUG  Frame duration: 19 ms
[00:00:08.443] (20e0cc140) DEBUG  [Remove(30, 29), Add(31, 31), Add(28, 31), Add(32, 31), Add(30, 31), Add(33, 31), Add(29, 31)]
[00:00:08.443] (20e0cc140) DEBUG  Time remaining: 14 ms
[00:00:08.461] (20e0cc140) DEBUG  Frame duration: 20 ms
[00:00:08.463] (20e0cc140) DEBUG  [Add(30, 30), Remove(33, 31), Remove(29, 31), Remove(30, 31), Remove(28, 31), Remove(31, 31), Remove(32, 31)]
[00:00:08.464] (20e0cc140) DEBUG  Time remaining: 14 ms
[00:00:08.482] (20e0cc140) DEBUG  Frame duration: 20 ms
[00:00:08.484] (20e0cc140) DEBUG  [Remove(30, 30), Add(30, 31), Add(33, 31), Add(34, 31), Add(32, 31), Add(35, 31), Add(31, 31)]
[00:00:08.484] (20e0cc140) DEBUG  Time remaining: 14 ms
[00:00:08.502] (20e0cc140) DEBUG  Frame duration: 20 ms
[00:00:08.504] (20e0cc140) DEBUG  [Remove(30, 31)]
[00:00:08.505] (20e0cc140) DEBUG  Time remaining: 14 ms
[00:00:08.523] (20e0cc140) DEBUG  Frame duration: 20 ms
[00:00:08.525] (20e0cc140) DEBUG  [Remove(31, 31), Add(37, 31), Add(36, 31)]
[00:00:08.525] (20e0cc140) DEBUG  Time remaining: 14 ms
[00:00:08.542] (20e0cc140) DEBUG  Frame duration: 18 ms
[00:00:08.543] (20e0cc140) DEBUG  [Add(29, 30), Remove(33, 31), Remove(32, 31), Remove(35, 31), Remove(37, 31), Remove(36, 31), Remove(34, 31)]
[00:00:08.544] (20e0cc140) DEBUG  Time remaining: 14 ms
[00:00:08.562] (20e0cc140) DEBUG  Frame duration: 20 ms
[00:00:08.564] (20e0cc140) DEBUG  [Remove(29, 30), Add(35, 31), Add(34, 31), Add(36, 31), Add(33, 31), Add(37, 31), Add(32, 31)]
[00:00:08.564] (20e0cc140) DEBUG  Time remaining: 14 ms
[00:00:08.582] (20e0cc140) DEBUG  Frame duration: 20 ms
[00:00:08.584] (20e0cc140) DEBUG  [Add(28, 29)]
[00:00:08.585] (20e0cc140) DEBUG  Time remaining: 14 ms
[00:00:08.601] (20e0cc140) DEBUG  Frame duration: 17 ms
[00:00:08.603] (20e0cc140) DEBUG  [Add(27, 28), Remove(28, 29)]
[00:00:08.603] (20e0cc140) DEBUG  Time remaining: 14 ms
[00:00:08.621] (20e0cc140) DEBUG  Frame duration: 20 ms
[00:00:08.624] (20e0cc140) DEBUG  [Remove(27, 28)]
[00:00:08.624] (20e0cc140) DEBUG  Time remaining: 13 ms
[00:00:08.641] (20e0cc140) DEBUG  Frame duration: 20 ms
[00:00:08.643] (20e0cc140) DEBUG  [Add(26, 27), Remove(35, 31), Remove(33, 31), Remove(37, 31), Remove(32, 31), Remove(34, 31), Remove(36, 31)]
[00:00:08.644] (20e0cc140) DEBUG  Time remaining: 14 ms
[00:00:08.662] (20e0cc140) DEBUG  Frame duration: 20 ms
[00:00:08.664] (20e0cc140) DEBUG  [Add(25, 26), Remove(26, 27), Add(36, 31), Add(35, 31), Add(33, 31), Add(34, 31), Add(37, 31), Add(32, 31)]
[00:00:08.664] (20e0cc140) DEBUG  Time remaining: 14 ms
[00:00:08.682] (20e0cc140) DEBUG  Frame duration: 20 ms
[00:00:08.684] (20e0cc140) DEBUG  [Remove(25, 26)]
[00:00:08.684] (20e0cc140) DEBUG  Time remaining: 14 ms
[00:00:08.703] (20e0cc140) DEBUG  Frame duration: 20 ms
[00:00:08.705] (20e0cc140) DEBUG  [Add(24, 25), Remove(36, 31), Remove(35, 31), Remove(34, 31), Remove(37, 31), Remove(33, 31), Remove(32, 31)]
[00:00:08.705] (20e0cc140) DEBUG  Time remaining: 14 ms
[00:00:08.723] (20e0cc140) DEBUG  Frame duration: 20 ms
[00:00:08.725] (20e0cc140) DEBUG  [Add(23, 24), Remove(24, 25), Add(37, 31), Add(35, 31), Add(34, 31), Add(33, 31), Add(32, 31), Add(36, 31)]
[00:00:08.726] (20e0cc140) DEBUG  Time remaining: 14 ms
[00:00:08.744] (20e0cc140) DEBUG  Frame duration: 20 ms
[00:00:08.746] (20e0cc140) DEBUG  [Remove(23, 24)]
[00:00:08.746] (20e0cc140) DEBUG  Time remaining: 14 ms
[00:00:08.764] (20e0cc140) DEBUG  Frame duration: 20 ms
[00:00:08.766] (20e0cc140) DEBUG  [Add(22, 23), Remove(37, 31), Remove(33, 31), Remove(36, 31), Remove(35, 31), Remove(34, 31), Remove(32, 31)]
[00:00:08.767] (20e0cc140) DEBUG  Time remaining: 14 ms
[00:00:08.785] (20e0cc140) DEBUG  Frame duration: 20 ms
[00:00:08.787] (20e0cc140) DEBUG  [Remove(22, 23), Add(32, 31), Add(30, 31), Add(35, 31), Add(33, 31), Add(31, 31), Add(34, 31)]
[00:00:08.787] (20e0cc140) DEBUG  Time remaining: 14 ms
[00:00:08.805] (20e0cc140) DEBUG  Frame duration: 20 ms
[00:00:08.807] (20e0cc140) DEBUG  [Add(21, 22), Remove(35, 31), Remove(34, 31), Add(29, 31), Add(28, 31)]
[00:00:08.808] (20e0cc140) DEBUG  Time remaining: 14 ms
[00:00:08.826] (20e0cc140) DEBUG  Frame duration: 20 ms
[00:00:08.827] (20e0cc140) DEBUG  [Add(20, 21), Remove(21, 22)]
[00:00:08.828] (20e0cc140) DEBUG  Time remaining: 14 ms
[00:00:08.844] (20e0cc140) DEBUG  Frame duration: 18 ms
[00:00:08.846] (20e0cc140) DEBUG  [Remove(20, 21), Remove(32, 31), Remove(33, 31), Add(27, 31), Add(26, 31)]
[00:00:08.846] (20e0cc140) DEBUG  Time remaining: 14 ms
[00:00:08.865] (20e0cc140) DEBUG  Frame duration: 20 ms
[00:00:08.866] (20e0cc140) DEBUG  [Add(19, 20), Remove(29, 31), Remove(28, 31), Remove(27, 31), Remove(26, 31), Remove(31, 31), Remove(30, 31)]
[00:00:08.867] (20e0cc140) DEBUG  Time remaining: 14 ms
[00:00:08.885] (20e0cc140) DEBUG  Frame duration: 20 ms
[00:00:08.887] (20e0cc140) DEBUG  [Remove(19, 20), Add(29, 31), Add(28, 31), Add(26, 31), Add(27, 31), Add(24, 31), Add(25, 31)]
[00:00:08.887] (20e0cc140) DEBUG  Time remaining: 14 ms
[00:00:08.906] (20e0cc140) DEBUG  Frame duration: 20 ms
[00:00:08.907] (20e0cc140) DEBUG  [Remove(28, 31), Remove(29, 31), Add(22, 31), Add(23, 31)]
[00:00:08.908] (20e0cc140) DEBUG  Time remaining: 14 ms
[00:00:08.923] (20e0cc140) DEBUG  Frame duration: 17 ms
[00:00:08.925] (20e0cc140) DEBUG  [Add(17, 18), Remove(27, 31), Remove(25, 31), Remove(23, 31), Remove(22, 31), Remove(26, 31), Remove(24, 31)]
[00:00:08.925] (20e0cc140) DEBUG  Time remaining: 14 ms
[00:00:08.944] (20e0cc140) DEBUG  Frame duration: 20 ms
[00:00:08.945] (20e0cc140) DEBUG  [Remove(17, 18), Add(21, 31), Add(20, 31), Add(22, 31), Add(23, 31), Add(25, 31), Add(24, 31)]
[00:00:08.946] (20e0cc140) DEBUG  Time remaining: 14 ms
[00:00:08.964] (20e0cc140) DEBUG  Frame duration: 20 ms
[00:00:08.966] (20e0cc140) DEBUG  [Add(16, 17), Remove(24, 31), Remove(20, 31), Remove(22, 31), Remove(23, 31), Remove(25, 31), Remove(21, 31)]
[00:00:08.966] (20e0cc140) DEBUG  Time remaining: 14 ms
[00:00:08.985] (20e0cc140) DEBUG  Frame duration: 20 ms
[00:00:08.987] (20e0cc140) DEBUG  [Remove(15, 16), Remove(16, 17), Add(21, 31), Add(19, 31), Add(18, 31), Add(20, 31), Add(22, 31), Add(23, 31)]
[00:00:08.987] (20e0cc140) DEBUG  Time remaining: 13 ms
[00:00:09.005] (20e0cc140) DEBUG  Frame duration: 20 ms
[00:00:09.007] (20e0cc140) DEBUG  [Remove(13, 16), Remove(14, 16), Remove(12, 16), Add(15, 16)]
[00:00:09.007] (20e0cc140) DEBUG  Time remaining: 14 ms
[00:00:09.026] (20e0cc140) DEBUG  Frame duration: 20 ms
[00:00:09.027] (20e0cc140) DEBUG  [Remove(61, 0), Remove(62, 0), Remove(57, 0), Remove(58, 0), Remove(56, 0), Remove(63, 0), Remove(55, 0), Remove(60, 0), Remove(58, 1), Remove(55, 1), Remove(60, 1), Remove(61, 2), Remove(63, 2), Remove(58, 2), Remove(60, 2), Remove(55, 2), Remove(62, 2), Remove(63, 3), Remove(58, 3), Remove(55, 3), Remove(63, 4), Remove(58, 4), Remove(57, 4), Remove(62, 4), Remove(55, 4), Remove(56, 4), Remove(60, 4), Remove(61, 4)]
[00:00:09.029] (20e0cc140) DEBUG  Time remaining: 12 ms
[00:00:09.046] (20e0cc140) DEBUG  Frame duration: 19 ms
[00:00:09.047] (20e0cc140) DEBUG  [Add(58, 0), Add(57, 0), Add(55, 0), Add(61, 0), Add(56, 0), Add(62, 0), Add(60, 0), Add(63, 0), Add(58, 1), Add(60, 1), Add(55, 1), Add(63, 2), Add(61, 2), Add(58, 2), Add(60, 2), Add(62, 2), Add(55, 2), Add(58, 3), Add(60, 3), Add(63, 3), Add(55, 3), Add(60, 4), Add(55, 4), Add(63, 4), Add(58, 4), Add(62, 4), Add(61, 4), Add(57, 4), Add(56, 4), Remove(22, 31), Remove(21, 31), Remove(19, 31), Remove(20, 31), Remove(23, 31), Remove(18, 31)]
[00:00:09.051] (20e0cc140) DEBUG  Time remaining: 11 ms
[00:00:09.065] (20e0cc140) DEBUG  Frame duration: 19 ms
[00:00:09.067] (20e0cc140) DEBUG  [Remove(15, 16), Remove(14, 17), Add(21, 31), Add(19, 31), Add(20, 31), Add(18, 31), Add(17, 31), Add(16, 31)]
[00:00:09.067] (20e0cc140) DEBUG  Time remaining: 14 ms
[00:00:09.086] (20e0cc140) DEBUG  Frame duration: 20 ms
[00:00:09.088] (20e0cc140) DEBUG  [Remove(12, 17), Remove(13, 17), Remove(15, 17), Add(14, 17)]
[00:00:09.088] (20e0cc140) DEBUG  Time remaining: 14 ms
[00:00:09.106] (20e0cc140) DEBUG  Frame duration: 20 ms
[00:00:09.108] (20e0cc140) DEBUG  [Remove(63, 0), Remove(62, 0), Remove(61, 0), Remove(58, 0), Remove(56, 0), Remove(60, 0), Remove(55, 0), Remove(57, 0), Remove(58, 1), Remove(55, 1), Remove(60, 1), Remove(58, 2), Remove(60, 2), Remove(62, 2), Remove(55, 2), Remove(63, 2), Remove(61, 2), Remove(60, 3), Remove(55, 3), Remove(63, 3), Remove(58, 3), Remove(57, 4), Remove(58, 4), Remove(56, 4), Remove(63, 4), Remove(55, 4), Remove(61, 4), Remove(62, 4), Remove(60, 4)]
[00:00:09.111] (20e0cc140) DEBUG  Time remaining: 12 ms
[00:00:09.126] (20e0cc140) DEBUG  Frame duration: 19 ms
[00:00:09.128] (20e0cc140) DEBUG  [Add(63, 0), Add(55, 0), Add(61, 0), Add(62, 0), Add(60, 0), Add(57, 0), Add(56, 0), Add(58, 0), Add(55, 1), Add(63, 1), Add(58, 1), Add(62, 2), Add(58, 2), Add(55, 2), Add(61, 3), Add(58, 3), Add(55, 3), Add(57, 4), Add(55, 4), Add(61, 4), Add(58, 4), Add(56, 4), Remove(19, 31), Remove(20, 31), Remove(16, 31), Remove(17, 31), Remove(18, 31), Remove(21, 31)]
[00:00:09.129] (20e0cc140) DEBUG  Time remaining: 13 ms
[00:00:09.146] (20e0cc140) DEBUG  Frame duration: 20 ms
[00:00:09.148] (20e0cc140) DEBUG  [Add(13, 16), Remove(14, 17), Add(15, 31), Add(18, 31), Add(19, 31), Add(14, 31), Add(17, 31), Add(16, 31)]
[00:00:09.148] (20e0cc140) DEBUG  Time remaining: 14 ms
[00:00:09.167] (20e0cc140) DEBUG  Frame duration: 20 ms
[00:00:09.168] (20e0cc140) DEBUG  [Remove(13, 16), Remove(18, 31), Remove(19, 31), Add(12, 31), Add(13, 31)]
[00:00:09.169] (20e0cc140) DEBUG  Time remaining: 14 ms
[00:00:09.187] (20e0cc140) DEBUG  Frame duration: 20 ms
[00:00:09.189] (20e0cc140) DEBUG  [Remove(12, 15)]
[00:00:09.189] (20e0cc140) DEBUG  Time remaining: 14 ms
[00:00:09.208] (20e0cc140) DEBUG  Frame duration: 20 ms
[00:00:09.209] (20e0cc140) DEBUG  [Remove(55, 0), Remove(57, 0), Remove(58, 0), Remove(56, 0), Remove(55, 1), Remove(58, 1), Remove(58, 2), Remove(55, 2), Remove(58, 3), Remove(55, 3), Remove(55, 4), Remove(56, 4), Remove(57, 4), Remove(58, 4), Remove(15, 15), Remove(14, 15), Remove(13, 15), Add(12, 15)]
[00:00:09.210] (20e0cc140) DEBUG  Time remaining: 13 ms
[00:00:09.228] (20e0cc140) DEBUG  Frame duration: 20 ms
[00:00:09.230] (20e0cc140) DEBUG  [Add(55, 0), Add(57, 0), Add(56, 0), Add(58, 0), Add(58, 1), Add(55, 1), Add(60, 1), Add(61, 2), Add(63, 2), Add(55, 2), Add(60, 2), Add(58, 2), Remove(61, 3), Add(63, 3), Add(55, 3), Add(58, 3), Add(60, 3), Add(57, 4), Add(56, 4), Add(62, 4), Add(60, 4), Add(55, 4), Add(58, 4), Add(63, 4)]
[00:00:09.232] (20e0cc140) DEBUG  Time remaining: 13 ms
[00:00:09.248] (20e0cc140) DEBUG  Frame duration: 19 ms
[00:00:09.249] (20e0cc140) DEBUG  [Remove(12, 15), Remove(17, 31), Remove(16, 31), Add(10, 31), Add(11, 31)]
[00:00:09.250] (20e0cc140) DEBUG  Time remaining: 14 ms
[00:00:09.269] (20e0cc140) DEBUG  Frame duration: 20 ms
[00:00:09.270] (20e0cc140) DEBUG  [Remove(11, 16)]
[00:00:09.271] (20e0cc140) DEBUG  Time remaining: 14 ms
[00:00:09.289] (20e0cc140) DEBUG  Frame duration: 20 ms
[00:00:09.291] (20e0cc140) DEBUG  [Remove(56, 0), Remove(55, 0), Remove(58, 0), Remove(57, 0), Remove(55, 1), Remove(58, 1), Remove(58, 2), Remove(55, 2), Remove(55, 3), Remove(58, 3), Remove(56, 4), Remove(58, 4), Remove(57, 4), Remove(55, 4), Remove(10, 16), Remove(8, 16), Remove(9, 16), Add(11, 16)]
[00:00:09.292] (20e0cc140) DEBUG  Time remaining: 13 ms
[00:00:09.310] (20e0cc140) DEBUG  Frame duration: 20 ms
[00:00:09.311] (20e0cc140) DEBUG  [Add(58, 0), Add(55, 0), Add(57, 0), Add(56, 0), Add(55, 1), Add(58, 1), Add(55, 2), Add(58, 2), Remove(60, 3), Add(55, 3), Add(58, 3), Add(58, 4), Add(57, 4), Add(56, 4), Add(55, 4)]
[00:00:09.312] (20e0cc140) DEBUG  Time remaining: 14 ms
[00:00:09.330] (20e0cc140) DEBUG  Frame duration: 20 ms
[00:00:09.331] (20e0cc140) DEBUG  [Remove(11, 16), Remove(15, 31), Remove(14, 31), Add(9, 31), Add(8, 31)]
[00:00:09.332] (20e0cc140) DEBUG  Time remaining: 14 ms
[00:00:09.351] (20e0cc140) DEBUG  Frame duration: 20 ms
[00:00:09.352] (20e0cc140) DEBUG  [Remove(10, 15)]
[00:00:09.352] (20e0cc140) DEBUG  Time remaining: 14 ms
[00:00:09.371] (20e0cc140) DEBUG  Frame duration: 20 ms
[00:00:09.373] (20e0cc140) DEBUG  [Remove(56, 0), Remove(57, 0), Remove(55, 0), Remove(58, 0), Remove(55, 1), Remove(58, 1), Remove(58, 2), Remove(55, 2), Remove(55, 3), Remove(58, 3), Remove(58, 4), Remove(56, 4), Remove(57, 4), Remove(55, 4), Remove(11, 15), Remove(8, 15), Remove(9, 15), Add(10, 15)]
[00:00:09.374] (20e0cc140) DEBUG  Time remaining: 13 ms
[00:00:09.391] (20e0cc140) DEBUG  Frame duration: 20 ms
[00:00:09.393] (20e0cc140) DEBUG  [Add(57, 0), Add(56, 1), Add(57, 1), Remove(61, 2), Remove(62, 2), Add(57, 2), Add(60, 3), Add(57, 3), Add(58, 4), Add(57, 4), Add(56, 4)]
[00:00:09.394] (20e0cc140) DEBUG  Time remaining: 13 ms
[00:00:09.412] (20e0cc140) DEBUG  Frame duration: 20 ms
[00:00:09.413] (20e0cc140) DEBUG  [Remove(10, 15)]
[00:00:09.414] (20e0cc140) DEBUG  Time remaining: 14 ms
[00:00:09.432] (20e0cc140) DEBUG  Frame duration: 20 ms
[00:00:09.434] (20e0cc140) DEBUG  [Add(9, 16), Remove(12, 31), Remove(8, 31), Remove(11, 31), Remove(10, 31), Remove(13, 31), Remove(9, 31)]
[00:00:09.435] (20e0cc140) DEBUG  Time remaining: 14 ms
[00:00:09.453] (20e0cc140) DEBUG  Frame duration: 20 ms
[00:00:09.455] (20e0cc140) DEBUG  [Remove(9, 16), Add(13, 31), Add(9, 31), Add(11, 31), Add(8, 31), Add(10, 31), Add(12, 31)]
[00:00:09.455] (20e0cc140) DEBUG  Time remaining: 14 ms
[00:00:09.473] (20e0cc140) DEBUG  Frame duration: 20 ms
[00:00:09.475] (20e0cc140) DEBUG  [Remove(11, 17), Remove(9, 17), Remove(10, 17)]
[00:00:09.476] (20e0cc140) DEBUG  Time remaining: 14 ms
[00:00:09.494] (20e0cc140) DEBUG  Frame duration: 20 ms
[00:00:09.496] (20e0cc140) DEBUG  [Remove(62, 0), Remove(57, 0), Remove(61, 0), Remove(60, 0), Remove(63, 0), Remove(57, 1), Remove(60, 1), Remove(63, 1), Remove(56, 1), Remove(60, 2), Remove(63, 2), Remove(57, 2), Remove(57, 3), Remove(60, 3), Remove(63, 3), Remove(62, 4), Remove(60, 4), Remove(63, 4), Remove(58, 4), Remove(61, 4), Remove(56, 4), Remove(57, 4)]
[00:00:09.498] (20e0cc140) DEBUG  Time remaining: 13 ms
[00:00:09.514] (20e0cc140) DEBUG  Frame duration: 19 ms
[00:00:09.516] (20e0cc140) DEBUG  [Add(62, 0), Add(57, 0), Add(57, 1), Add(61, 1), Add(56, 1), Add(62, 1), Add(62, 2), Add(57, 2), Add(57, 3), Add(62, 3), Add(62, 4), Add(61, 4), Add(56, 4), Add(63, 4), Add(58, 4), Add(57, 4), Remove(10, 31), Remove(13, 31), Remove(9, 31), Remove(12, 31), Remove(11, 31), Remove(8, 31)]
[00:00:09.517] (20e0cc140) DEBUG  Time remaining: 13 ms
[00:00:09.534] (20e0cc140) DEBUG  Frame duration: 19 ms
[00:00:09.536] (20e0cc140) DEBUG  [Remove(7, 16), Remove(8, 17), Add(9, 31), Add(8, 31), Add(12, 31), Add(13, 31), Add(11, 31), Add(10, 31)]
[00:00:09.537] (20e0cc140) DEBUG  Time remaining: 14 ms
[00:00:09.555] (20e0cc140) DEBUG  Frame duration: 20 ms
[00:00:09.556] (20e0cc140) DEBUG  [Remove(5, 16), Remove(4, 16), Remove(6, 16), Add(7, 16)]
[00:00:09.557] (20e0cc140) DEBUG  Time remaining: 14 ms
[00:00:09.572] (20e0cc140) DEBUG  Frame duration: 16 ms
[00:00:09.574] (20e0cc140) DEBUG  [Remove(57, 0), Remove(62, 0), Remove(61, 1), Remove(56, 1), Remove(62, 1), Remove(57, 1), Remove(62, 2), Remove(57, 2), Remove(62, 3), Remove(57, 3), Remove(61, 4), Remove(62, 4), Remove(58, 4), Remove(63, 4), Remove(56, 4), Remove(57, 4)]
[00:00:09.575] (20e0cc140) DEBUG  Time remaining: 13 ms
[00:00:09.592] (20e0cc140) DEBUG  Frame duration: 20 ms
[00:00:09.594] (20e0cc140) DEBUG  [Add(57, 0), Add(62, 0), Add(60, 0), Add(61, 0), Add(63, 0), Add(56, 1), Add(63, 1), Add(57, 1), Add(61, 2), Add(62, 2), Add(60, 2), Add(57, 2), Add(63, 2), Add(60, 3), Add(57, 3), Add(57, 4), Add(58, 4), Add(61, 4), Add(60, 4), Add(62, 4), Add(63, 4), Add(56, 4), Remove(12, 31), Remove(11, 31), Remove(10, 31), Remove(9, 31), Remove(8, 31), Remove(13, 31)]
[00:00:09.596] (20e0cc140) DEBUG  Time remaining: 12 ms
[00:00:09.612] (20e0cc140) DEBUG  Frame duration: 19 ms
[00:00:09.614] (20e0cc140) DEBUG  [Remove(7, 16), Remove(6, 17), Add(13, 31), Add(10, 31), Add(8, 31), Add(12, 31), Add(9, 31), Add(11, 31)]
[00:00:09.615] (20e0cc140) DEBUG  Time remaining: 14 ms
[00:00:09.633] (20e0cc140) DEBUG  Frame duration: 20 ms
[00:00:09.634] (20e0cc140) DEBUG  [Remove(7, 17), Remove(5, 17), Remove(4, 17), Add(6, 17)]
[00:00:09.635] (20e0cc140) DEBUG  Time remaining: 14 ms
[00:00:09.653] (20e0cc140) DEBUG  Frame duration: 20 ms
[00:00:09.655] (20e0cc140) DEBUG  [Remove(62, 0), Remove(60, 0), Remove(57, 0), Remove(61, 0), Remove(63, 0), Remove(63, 1), Remove(56, 1), Remove(57, 1), Remove(61, 2), Remove(57, 2), Remove(60, 2), Remove(62, 2), Remove(63, 2), Remove(57, 3), Remove(60, 3), Remove(57, 4), Remove(62, 4), Remove(63, 4), Remove(61, 4), Remove(60, 4), Remove(58, 4), Remove(56, 4)]
[00:00:09.656] (20e0cc140) DEBUG  Time remaining: 13 ms
[00:00:09.674] (20e0cc140) DEBUG  Frame duration: 20 ms
[00:00:09.675] (20e0cc140) DEBUG  [Add(60, 0), Add(63, 0), Add(61, 0), Add(57, 0), Add(62, 0), Add(63, 1), Add(56, 1), Add(57, 1), Add(60, 2), Add(57, 2), Add(62, 2), Add(63, 2), Add(61, 2), Add(63, 3), Add(57, 3), Add(60, 4), Add(56, 4), Add(58, 4), Add(61, 4), Add(57, 4), Add(63, 4), Add(62, 4), Remove(8, 31), Remove(12, 31), Remove(9, 31), Remove(10, 31), Remove(13, 31), Remove(11, 31)]
[00:00:09.677] (20e0cc140) DEBUG  Time remaining: 12 ms
[00:00:09.694] (20e0cc140) DEBUG  Frame duration: 19 ms
[00:00:09.695] (20e0cc140) DEBUG  [Add(5, 16), Remove(6, 17), Add(13, 31), Add(8, 31), Add(9, 31), Add(12, 31), Add(11, 31), Add(10, 31)]
[00:00:09.696] (20e0cc140) DEBUG  Time remaining: 14 ms
[00:00:09.714] (20e0cc140) DEBUG  Frame duration: 20 ms
[00:00:09.716] (20e0cc140) DEBUG  [Remove(5, 16)]
[00:00:09.716] (20e0cc140) DEBUG  Time remaining: 14 ms
[00:00:09.735] (20e0cc140) DEBUG  Frame duration: 20 ms
[00:00:09.736] (20e0cc140) DEBUG  [Remove(4, 15)]
[00:00:09.737] (20e0cc140) DEBUG  Time remaining: 14 ms
[00:00:09.755] (20e0cc140) DEBUG  Frame duration: 20 ms
[00:00:09.757] (20e0cc140) DEBUG  [Remove(57, 0), Remove(61, 0), Remove(60, 0), Remove(63, 0), Remove(62, 0), Remove(57, 1), Remove(56, 1), Remove(63, 1), Remove(60, 2), Remove(61, 2), Remove(57, 2), Remove(62, 2), Remove(63, 2), Remove(63, 3), Remove(57, 3), Remove(60, 4), Remove(57, 4), Remove(56, 4), Remove(58, 4), Remove(62, 4), Remove(61, 4), Remove(63, 4), Remove(6, 15), Remove(5, 15), Remove(7, 15), Add(4, 15)]
[00:00:09.759] (20e0cc140) DEBUG  Time remaining: 13 ms
[00:00:09.775] (20e0cc140) DEBUG  Frame duration: 19 ms
[00:00:09.777] (20e0cc140) DEBUG  [Add(57, 0), Add(60, 0), Add(63, 0), Add(60, 1), Add(56, 1), Add(63, 1), Add(57, 1), Add(63, 2), Add(60, 2), Add(62, 2), Add(57, 2), Add(61, 2), Add(63, 3), Add(57, 3), Add(63, 4), Add(57, 4), Add(58, 4), Add(56, 4)]
[00:00:09.778] (20e0cc140) DEBUG  Time remaining: 13 ms
[00:00:09.796] (20e0cc140) DEBUG  Frame duration: 20 ms
[00:00:09.797] (20e0cc140) DEBUG  [Remove(4, 15)]
[00:00:09.798] (20e0cc140) DEBUG  Time remaining: 14 ms
[00:00:09.816] (20e0cc140) DEBUG  Frame duration: 20 ms
[00:00:09.818] (20e0cc140) DEBUG  [Remove(3, 16)]
[00:00:09.818] (20e0cc140) DEBUG  Time remaining: 14 ms
[00:00:09.837] (20e0cc140) DEBUG  Frame duration: 20 ms
[00:00:09.839] (20e0cc140) DEBUG  [Remove(57, 0), Remove(63, 0), Remove(60, 0), Remove(56, 1), Remove(63, 1), Remove(60, 1), Remove(57, 1), Remove(61, 2), Remove(63, 2), Remove(57, 2), Remove(60, 2), Remove(62, 2), Remove(57, 3), Remove(63, 3), Remove(63, 4), Remove(56, 4), Remove(58, 4), Remove(57, 4), Remove(0, 16), Remove(1, 16), Remove(2, 16), Add(3, 16)]
[00:00:09.840] (20e0cc140) DEBUG  Time remaining: 13 ms
[00:00:09.857] (20e0cc140) DEBUG  Frame duration: 20 ms
[00:00:09.859] (20e0cc140) DEBUG  [Add(57, 0), Add(62, 0), Add(63, 0), Add(60, 0), Add(61, 0), Add(57, 1), Add(56, 1), Add(60, 1), Add(62, 2), Add(60, 2), Add(63, 2), Add(57, 2), Add(61, 2), Add(57, 3), Add(63, 3), Add(58, 4), Add(61, 4), Add(56, 4), Add(63, 4), Add(57, 4), Add(60, 4), Add(62, 4)]
[00:00:09.860] (20e0cc140) DEBUG  Time remaining: 13 ms
[00:00:09.878] (20e0cc140) DEBUG  Frame duration: 20 ms
[00:00:09.879] (20e0cc140) DEBUG  [Remove(3, 16)]
[00:00:09.879] (20e0cc140) DEBUG  Time remaining: 14 ms
[00:00:09.898] (20e0cc140) DEBUG  Frame duration: 20 ms
[00:00:09.900] (20e0cc140) DEBUG  [Remove(2, 15)]
[00:00:09.900] (20e0cc140) DEBUG  Time remaining: 14 ms
[00:00:09.917] (20e0cc140) DEBUG  Frame duration: 18 ms
[00:00:09.918] (20e0cc140) DEBUG  [Remove(61, 0), Remove(63, 0), Remove(57, 0), Remove(60, 0), Remove(62, 0), Remove(56, 1), Remove(57, 1), Remove(60, 1), Remove(63, 2), Remove(57, 2), Remove(62, 2), Remove(61, 2), Remove(60, 2), Remove(63, 3), Remove(57, 3), Remove(58, 4), Remove(57, 4), Remove(60, 4), Remove(63, 4), Remove(61, 4), Remove(62, 4), Remove(56, 4), Remove(1, 15), Remove(0, 15), Remove(3, 15), Add(2, 15)]
[00:00:09.920] (20e0cc140) DEBUG  Time remaining: 13 ms
[00:00:09.937] (20e0cc140) DEBUG  Frame duration: 19 ms
[00:00:09.939] (20e0cc140) DEBUG  [Add(62, 0), Add(61, 0), Add(60, 0), Add(57, 0), Add(63, 0), Add(60, 1), Add(56, 1), Add(57, 1), Add(60, 2), Add(61, 2), Add(62, 2), Add(57, 2), Add(63, 2), Add(63, 3), Add(57, 3), Add(60, 3), Add(56, 4), Add(63, 4), Add(58, 4), Add(61, 4), Add(60, 4), Add(57, 4), Add(62, 4), Remove(8, 31), Remove(9, 31), Remove(11, 31), Remove(13, 31), Remove(10, 31), Remove(12, 31)]
[00:00:09.941] (20e0cc140) DEBUG  Time remaining: 13 ms
[00:00:09.957] (20e0cc140) DEBUG  Frame duration: 19 ms
[00:00:09.959] (20e0cc140) DEBUG  [Remove(2, 15), Add(13, 31), Add(12, 31), Add(11, 31), Add(10, 31), Add(9, 31), Add(8, 31)]
[00:00:09.959] (20e0cc140) DEBUG  Time remaining: 14 ms
[00:00:09.975] (20e0cc140) DEBUG  Frame duration: 18 ms
[00:00:09.977] (20e0cc140) DEBUG  [Add(1, 16)]
[00:00:09.977] (20e0cc140) DEBUG  Time remaining: 14 ms
[00:00:09.996] (20e0cc140) DEBUG  Frame duration: 20 ms
[00:00:09.998] (20e0cc140) DEBUG  [Remove(1, 16), Remove(0, 17)]
[00:00:09.998] (20e0cc140) DEBUG  Time remaining: 14 ms
[00:00:10.017] (20e0cc140) DEBUG  Frame duration: 20 ms
[00:00:10.018] (20e0cc140) DEBUG  [Remove(1, 17), Remove(3, 17), Remove(2, 17), Add(0, 17)]
[00:00:10.019] (20e0cc140) DEBUG  Time remaining: 14 ms
[00:00:10.037] (20e0cc140) DEBUG  Frame duration: 20 ms
[00:00:10.039] (20e0cc140) DEBUG  [Remove(62, 0), Remove(61, 0), Remove(63, 0), Remove(57, 0), Remove(60, 0), Remove(57, 1), Remove(60, 1), Remove(56, 1), Remove(61, 2), Remove(60, 2), Remove(62, 2), Remove(57, 2), Remove(63, 2), Remove(60, 3), Remove(63, 3), Remove(57, 3), Remove(57, 4), Remove(62, 4), Remove(61, 4), Remove(63, 4), Remove(58, 4), Remove(60, 4), Remove(56, 4)]
[00:00:10.041] (20e0cc140) DEBUG  Time remaining: 13 ms
[00:00:10.057] (20e0cc140) DEBUG  Frame duration: 19 ms
[00:00:10.059] (20e0cc140) DEBUG  [Add(62, 0), Add(61, 0), Add(57, 0), Add(63, 0), Add(60, 0), Add(63, 1), Add(56, 1), Add(57, 1), Add(62, 2), Add(57, 2), Add(57, 3), Add(61, 3), Add(61, 4), Add(56, 4), Add(57, 4), Add(58, 4)]
[00:00:10.060] (20e0cc140) DEBUG  Time remaining: 13 ms
[00:00:10.078] (20e0cc140) DEBUG  Frame duration: 20 ms
[00:00:10.079] (20e0cc140) DEBUG  [Add(1, 16), Remove(0, 17)]
[00:00:10.080] (20e0cc140) DEBUG  Time remaining: 14 ms
[00:00:10.098] (20e0cc140) DEBUG  Frame duration: 20 ms
[00:00:10.100] (20e0cc140) DEBUG  [Remove(1, 16)]
[00:00:10.100] (20e0cc140) DEBUG  Time remaining: 14 ms
[00:00:10.119] (20e0cc140) DEBUG  Frame duration: 20 ms
[00:00:10.120] (20e0cc140) DEBUG  [Add(2, 15), Remove(9, 31), Remove(10, 31), Remove(13, 31), Remove(8, 31), Remove(12, 31), Remove(11, 31)]
[00:00:10.121] (20e0cc140) DEBUG  Time remaining: 14 ms
[00:00:10.139] (20e0cc140) DEBUG  Frame duration: 20 ms
[00:00:10.141] (20e0cc140) DEBUG  [Remove(3, 14), Remove(2, 15), Add(13, 31), Add(9, 31), Add(8, 31), Add(11, 31), Add(10, 31), Add(12, 31)]
[00:00:10.142] (20e0cc140) DEBUG  Time remaining: 14 ms
[00:00:10.160] (20e0cc140) DEBUG  Frame duration: 20 ms
[00:00:10.162] (20e0cc140) DEBUG  [Remove(1, 14), Remove(0, 14), Remove(2, 14), Add(3, 14)]
[00:00:10.162] (20e0cc140) DEBUG  Time remaining: 14 ms
[00:00:10.180] (20e0cc140) DEBUG  Frame duration: 19 ms
[00:00:10.182] (20e0cc140) DEBUG  [Remove(57, 0), Remove(61, 0), Remove(60, 0), Remove(63, 0), Remove(62, 0), Remove(57, 1), Remove(56, 1), Remove(63, 1), Remove(57, 2), Remove(62, 2), Remove(57, 3), Remove(61, 3), Remove(58, 4), Remove(61, 4), Remove(56, 4), Remove(57, 4)]
[00:00:10.183] (20e0cc140) DEBUG  Time remaining: 13 ms
[00:00:10.200] (20e0cc140) DEBUG  Frame duration: 20 ms
[00:00:10.202] (20e0cc140) DEBUG  [Add(60, 0), Add(57, 0), Add(63, 0), Add(62, 0), Add(61, 0), Add(63, 1), Add(60, 1), Add(56, 1), Add(57, 1), Add(62, 2), Add(61, 2), Add(63, 2), Add(57, 2), Add(60, 2), Add(63, 3), Add(60, 3), Add(57, 3), Add(60, 4), Add(62, 4), Add(61, 4), Add(58, 4), Add(57, 4), Add(63, 4), Add(56, 4), Remove(12, 31), Remove(13, 31), Remove(10, 31), Remove(9, 31), Remove(11, 31), Remove(8, 31)]
[00:00:10.204] (20e0cc140) DEBUG  Time remaining: 12 ms
[00:00:10.220] (20e0cc140) DEBUG  Frame duration: 19 ms
[00:00:10.222] (20e0cc140) DEBUG  [Remove(3, 14), Add(4, 15), Add(12, 31), Add(11, 31), Add(10, 31), Add(8, 31), Add(9, 31), Add(13, 31)]
[00:00:10.223] (20e0cc140) DEBUG  Time remaining: 14 ms
[00:00:10.241] (20e0cc140) DEBUG  Frame duration: 20 ms
[00:00:10.242] (20e0cc140) DEBUG  [Remove(4, 15)]
[00:00:10.243] (20e0cc140) DEBUG  Time remaining: 14 ms
[00:00:10.261] (20e0cc140) DEBUG  Frame duration: 20 ms
[00:00:10.263] (20e0cc140) DEBUG  [Add(5, 16), Remove(9, 31), Remove(10, 31), Remove(11, 31), Remove(12, 31), Remove(13, 31), Remove(8, 31)]
[00:00:10.264] (20e0cc140) DEBUG  Time remaining: 14 ms
[00:00:10.282] (20e0cc140) DEBUG  Frame duration: 20 ms
[00:00:10.284] (20e0cc140) DEBUG  [Remove(5, 16), Add(6, 17), Add(9, 31), Add(10, 31), Add(8, 31), Add(12, 31), Add(13, 31), Add(11, 31)]
[00:00:10.284] (20e0cc140) DEBUG  Time remaining: 14 ms
[00:00:10.302] (20e0cc140) DEBUG  Frame duration: 20 ms
[00:00:10.304] (20e0cc140) DEBUG  [Remove(6, 17), Remove(13, 31), Remove(12, 31), Add(6, 31), Add(7, 31)]
[00:00:10.304] (20e0cc140) DEBUG  Time remaining: 14 ms
[00:00:10.323] (20e0cc140) DEBUG  Frame duration: 20 ms
[00:00:10.324] (20e0cc140) DEBUG  [Add(7, 18), Remove(11, 31), Remove(6, 31), Remove(10, 31), Remove(8, 31), Remove(7, 31), Remove(9, 31)]
[00:00:10.325] (20e0cc140) DEBUG  Time remaining: 14 ms
[00:00:10.343] (20e0cc140) DEBUG  Frame duration: 20 ms
[00:00:10.345] (20e0cc140) DEBUG  [Remove(7, 18), Add(6, 31), Add(5, 31), Add(8, 31), Add(4, 31), Add(7, 31), Add(9, 31)]
[00:00:10.346] (20e0cc140) DEBUG  Time remaining: 14 ms
[00:00:10.361] (20e0cc140) DEBUG  Frame duration: 17 ms
[00:00:10.363] (20e0cc140) DEBUG  [Add(8, 19), Remove(5, 31), Remove(7, 31), Remove(8, 31), Remove(6, 31), Remove(9, 31), Remove(4, 31)]
[00:00:10.363] (20e0cc140) DEBUG  Time remaining: 14 ms
[00:00:10.382] (20e0cc140) DEBUG  Frame duration: 20 ms
[00:00:10.383] (20e0cc140) DEBUG  [Remove(8, 19), Add(9, 20), Add(4, 31), Add(2, 31), Add(7, 31), Add(3, 31), Add(5, 31), Add(6, 31)]
[00:00:10.384] (20e0cc140) DEBUG  Time remaining: 14 ms
[00:00:10.402] (20e0cc140) DEBUG  Frame duration: 20 ms
[00:00:10.404] (20e0cc140) DEBUG  [Remove(9, 20)]
[00:00:10.404] (20e0cc140) DEBUG  Time remaining: 14 ms
[00:00:10.423] (20e0cc140) DEBUG  Frame duration: 20 ms
[00:00:10.425] (20e0cc140) DEBUG  [Add(10, 21), Remove(3, 31), Remove(6, 31), Remove(5, 31), Remove(7, 31), Remove(4, 31), Remove(2, 31)]
[00:00:10.425] (20e0cc140) DEBUG  Time remaining: 14 ms
[00:00:10.443] (20e0cc140) DEBUG  Frame duration: 20 ms
[00:00:10.445] (20e0cc140) DEBUG  [Remove(10, 21), Add(11, 22), Add(5, 31), Add(7, 31), Add(3, 31), Add(6, 31), Add(4, 31), Add(2, 31)]
[00:00:10.445] (20e0cc140) DEBUG  Time remaining: 14 ms
[00:00:10.464] (20e0cc140) DEBUG  Frame duration: 20 ms
[00:00:10.465] (20e0cc140) DEBUG  [Remove(11, 22)]
[00:00:10.466] (20e0cc140) DEBUG  Time remaining: 14 ms
[00:00:10.482] (20e0cc140) DEBUG  Frame duration: 18 ms
[00:00:10.484] (20e0cc140) DEBUG  [Add(12, 23), Remove(6, 31), Remove(3, 31), Remove(7, 31), Remove(2, 31), Remove(5, 31), Remove(4, 31)]
[00:00:10.485] (20e0cc140) DEBUG  Time remaining: 14 ms
[00:00:10.502] (20e0cc140) DEBUG  Frame duration: 20 ms
[00:00:10.504] (20e0cc140) DEBUG  [Remove(12, 23), Add(6, 31), Add(3, 31), Add(2, 31), Add(4, 31), Add(5, 31), Add(7, 31)]
[00:00:10.505] (20e0cc140) DEBUG  Time remaining: 14 ms
[00:00:10.523] (20e0cc140) DEBUG  Frame duration: 20 ms
[00:00:10.524] (20e0cc140) DEBUG  []
[00:00:10.525] (20e0cc140) DEBUG  Time remaining: 14 ms
[00:00:10.544] (20e0cc140) DEBUG  Frame duration: 20 ms
[00:00:10.545] (20e0cc140) DEBUG  [Add(14, 25), Remove(7, 31), Remove(4, 31), Remove(2, 31), Remove(3, 31), Remove(5, 31), Remove(6, 31)]
[00:00:10.546] (20e0cc140) DEBUG  Time remaining: 14 ms
[00:00:10.564] (20e0cc140) DEBUG  Frame duration: 20 ms
[00:00:10.566] (20e0cc140) DEBUG  [Remove(14, 25), Add(7, 31), Add(8, 31), Add(9, 31), Add(4, 31), Add(5, 31), Add(6, 31)]
[00:00:10.566] (20e0cc140) DEBUG  Time remaining: 14 ms
[00:00:10.584] (20e0cc140) DEBUG  Frame duration: 20 ms
[00:00:10.586] (20e0cc140) DEBUG  [Add(15, 26), Remove(4, 31), Remove(5, 31), Remove(8, 31), Remove(7, 31), Remove(6, 31), Remove(9, 31)]
[00:00:10.586] (20e0cc140) DEBUG  Time remaining: 14 ms
[00:00:10.605] (20e0cc140) DEBUG  Frame duration: 20 ms
[00:00:10.606] (20e0cc140) DEBUG  [Remove(15, 26), Add(16, 27), Add(7, 31), Add(9, 31), Add(10, 31), Add(6, 31), Add(8, 31), Add(11, 31)]
[00:00:10.607] (20e0cc140) DEBUG  Time remaining: 14 ms
[00:00:10.625] (20e0cc140) DEBUG  Frame duration: 20 ms
[00:00:10.627] (20e0cc140) DEBUG  [Remove(16, 27), Remove(6, 31), Remove(7, 31), Add(13, 31), Add(12, 31)]
[00:00:10.627] (20e0cc140) DEBUG  Time remaining: 14 ms
[00:00:10.645] (20e0cc140) DEBUG  Frame duration: 19 ms
[00:00:10.646] (20e0cc140) DEBUG  [Add(17, 28), Remove(13, 31), Remove(9, 31), Remove(10, 31), Remove(11, 31), Remove(8, 31), Remove(12, 31)]
[00:00:10.646] (20e0cc140) DEBUG  Time remaining: 14 ms
[00:00:10.665] (20e0cc140) DEBUG  Frame duration: 20 ms
[00:00:10.667] (20e0cc140) DEBUG  [Remove(17, 28), Add(11, 31), Add(13, 31), Add(15, 31), Add(12, 31), Add(10, 31), Add(14, 31)]
[00:00:10.667] (20e0cc140) DEBUG  Time remaining: 14 ms
[00:00:10.686] (20e0cc140) DEBUG  Frame duration: 20 ms
[00:00:10.687] (20e0cc140) DEBUG  [Add(18, 29), Remove(10, 31), Remove(11, 31), Add(16, 31), Add(17, 31)]
[00:00:10.687] (20e0cc140) DEBUG  Time remaining: 15 ms
[00:00:10.706] (20e0cc140) DEBUG  Frame duration: 20 ms
[00:00:10.708] (20e0cc140) DEBUG  [Remove(18, 29), Add(19, 30)]
[00:00:10.708] (20e0cc140) DEBUG  Time remaining: 14 ms
[00:00:10.727] (20e0cc140) DEBUG  Frame duration: 20 ms
[00:00:10.729] (20e0cc140) DEBUG  [Remove(19, 30), Remove(13, 31), Remove(12, 31), Add(19, 31), Add(18, 31)]
[00:00:10.729] (20e0cc140) DEBUG  Time remaining: 14 ms
[00:00:10.747] (20e0cc140) DEBUG  Frame duration: 20 ms
[00:00:10.749] (20e0cc140) DEBUG  []
[00:00:10.749] (20e0cc140) DEBUG  Time remaining: 14 ms
[00:00:10.768] (20e0cc140) DEBUG  Frame duration: 20 ms
[00:00:10.770] (20e0cc140) DEBUG  [Remove(6, 0)]
[00:00:10.771] (20e0cc140) DEBUG  Time remaining: 13 ms
[00:00:10.788] (20e0cc140) DEBUG  Frame duration: 20 ms
[00:00:10.790] (20e0cc140) DEBUG  []
[00:00:10.790] (20e0cc140) DEBUG  Time remaining: 14 ms
[00:00:10.809] (20e0cc140) DEBUG  Frame duration: 20 ms
[00:00:10.811] (20e0cc140) DEBUG  []
[00:00:10.811] (20e0cc140) DEBUG  Time remaining: 14 ms
[00:00:10.829] (20e0cc140) DEBUG  Frame duration: 20 ms
[00:00:10.832] (20e0cc140) DEBUG  []
[00:00:10.832] (20e0cc140) DEBUG  Time remaining: 13 ms
[00:00:10.849] (20e0cc140) DEBUG  Frame duration: 19 ms
[00:00:10.852] (20e0cc140) DEBUG  []
[00:00:10.853] (20e0cc140) DEBUG  Time remaining: 13 ms
[00:00:10.870] (20e0cc140) DEBUG  Frame duration: 19 ms
[00:00:10.873] (20e0cc140) DEBUG  []
[00:00:10.873] (20e0cc140) DEBUG  Time remaining: 13 ms
[00:00:10.890] (20e0cc140) DEBUG  Frame duration: 19 ms
[00:00:10.893] (20e0cc140) DEBUG  []
[00:00:10.893] (20e0cc140) DEBUG  Time remaining: 13 ms
[00:00:10.910] (20e0cc140) DEBUG  Frame duration: 19 ms
[00:00:10.913] (20e0cc140) DEBUG  []
[00:00:10.914] (20e0cc140) DEBUG  Time remaining: 13 ms
[00:00:10.930] (20e0cc140) DEBUG  Frame duration: 19 ms
[00:00:10.934] (20e0cc140) DEBUG  []
[00:00:10.934] (20e0cc140) DEBUG  Time remaining: 13 ms
[00:00:10.951] (20e0cc140) DEBUG  Frame duration: 19 ms
[00:00:10.954] (20e0cc140) DEBUG  []
[00:00:10.954] (20e0cc140) DEBUG  Time remaining: 13 ms
[00:00:10.968] (20e0cc140) DEBUG  Frame duration: 17 ms
[00:00:10.971] (20e0cc140) DEBUG  []
[00:00:10.971] (20e0cc140) DEBUG  Time remaining: 13 ms
[00:00:10.987] (20e0cc140) DEBUG  Frame duration: 18 ms
[00:00:10.990] (20e0cc140) DEBUG  []
[00:00:10.991] (20e0cc140) DEBUG  Time remaining: 13 ms
[00:00:11.008] (20e0cc140) DEBUG  Frame duration: 19 ms
[00:00:11.011] (20e0cc140) DEBUG  []
[00:00:11.011] (20e0cc140) DEBUG  Time remaining: 13 ms
[00:00:11.026] (20e0cc140) DEBUG  Frame duration: 18 ms
[00:00:11.029] (20e0cc140) DEBUG  []
[00:00:11.030] (20e0cc140) DEBUG  Time remaining: 13 ms
[00:00:11.046] (20e0cc140) DEBUG  Frame duration: 19 ms
[00:00:11.049] (20e0cc140) DEBUG  []
[00:00:11.050] (20e0cc140) DEBUG  Time remaining: 13 ms
[00:00:11.066] (20e0cc140) DEBUG  Frame duration: 18 ms
[00:00:11.069] (20e0cc140) DEBUG  []
[00:00:11.069] (20e0cc140) DEBUG  Time remaining: 13 ms
[00:00:11.085] (20e0cc140) DEBUG  Frame duration: 18 ms
[00:00:11.087] (20e0cc140) DEBUG  []
[00:00:11.088] (20e0cc140) DEBUG  Time remaining: 13 ms
[00:00:11.104] (20e0cc140) DEBUG  Frame duration: 19 ms
[00:00:11.107] (20e0cc140) DEBUG  []
[00:00:11.107] (20e0cc140) DEBUG  Time remaining: 14 ms
[00:00:11.123] (20e0cc140) DEBUG  Frame duration: 18 ms
[00:00:11.126] (20e0cc140) DEBUG  []
[00:00:11.126] (20e0cc140) DEBUG  Time remaining: 14 ms
[00:00:11.144] (20e0cc140) DEBUG  Frame duration: 20 ms
[00:00:11.145] (20e0cc140) DEBUG  []
[00:00:11.145] (20e0cc140) DEBUG  Time remaining: 15 ms
[00:00:11.164] (20e0cc140) DEBUG  Frame duration: 20 ms
[00:00:11.167] (20e0cc140) DEBUG  []
[00:00:11.167] (20e0cc140) DEBUG  Time remaining: 14 ms
[00:00:11.185] (20e0cc140) DEBUG  Frame duration: 20 ms
[00:00:11.188] (20e0cc140) DEBUG  []
[00:00:11.188] (20e0cc140) DEBUG  Time remaining: 13 ms
[00:00:11.204] (20e0cc140) DEBUG  Frame duration: 19 ms
[00:00:11.207] (20e0cc140) DEBUG  []
[00:00:11.208] (20e0cc140) DEBUG  Time remaining: 13 ms
[00:00:11.225] (20e0cc140) DEBUG  Frame duration: 20 ms
[00:00:11.228] (20e0cc140) DEBUG  []
[00:00:11.228] (20e0cc140) DEBUG  Time remaining: 13 ms
[00:00:11.245] (20e0cc140) DEBUG  Frame duration: 19 ms
[00:00:11.248] (20e0cc140) DEBUG  []
[00:00:11.248] (20e0cc140) DEBUG  Time remaining: 13 ms
[00:00:11.265] (20e0cc140) DEBUG  Frame duration: 19 ms
[00:00:11.268] (20e0cc140) DEBUG  []
[00:00:11.268] (20e0cc140) DEBUG  Time remaining: 13 ms
[00:00:11.283] (20e0cc140) DEBUG  Frame duration: 17 ms
[00:00:11.286] (20e0cc140) DEBUG  []
[00:00:11.286] (20e0cc140) DEBUG  Time remaining: 13 ms
[00:00:11.303] (20e0cc140) DEBUG  Frame duration: 19 ms
[00:00:11.306] (20e0cc140) DEBUG  []
[00:00:11.306] (20e0cc140) DEBUG  Time remaining: 13 ms
[00:00:11.323] (20e0cc140) DEBUG  Frame duration: 19 ms
[00:00:11.325] (20e0cc140) DEBUG  []
[00:00:11.325] (20e0cc140) DEBUG  Time remaining: 15 ms
[00:00:11.342] (20e0cc140) DEBUG  Frame duration: 18 ms
[00:00:11.344] (20e0cc140) DEBUG  []
[00:00:11.344] (20e0cc140) DEBUG  Time remaining: 14 ms
[00:00:11.362] (20e0cc140) DEBUG  Frame duration: 20 ms
[00:00:11.366] (20e0cc140) DEBUG  []
[00:00:11.366] (20e0cc140) DEBUG  Time remaining: 13 ms
[00:00:11.382] (20e0cc140) DEBUG  Frame duration: 19 ms
[00:00:11.385] (20e0cc140) DEBUG  []
[00:00:11.386] (20e0cc140) DEBUG  Time remaining: 13 ms
[00:00:11.402] (20e0cc140) DEBUG  Frame duration: 18 ms
[00:00:11.403] (20e0cc140) DEBUG  []
[00:00:11.403] (20e0cc140) DEBUG  Time remaining: 14 ms
[00:00:11.419] (20e0cc140) DEBUG  Frame duration: 17 ms
[00:00:11.422] (20e0cc140) DEBUG  []
[00:00:11.422] (20e0cc140) DEBUG  Time remaining: 13 ms
[00:00:11.436] (20e0cc140) DEBUG  Frame duration: 16 ms
[00:00:11.439] (20e0cc140) DEBUG  []
[00:00:11.439] (20e0cc140) DEBUG  Time remaining: 13 ms
[00:00:11.456] (20e0cc140) DEBUG  Frame duration: 20 ms
[00:00:11.460] (20e0cc140) DEBUG  []
[00:00:11.460] (20e0cc140) DEBUG  Time remaining: 13 ms
[00:00:11.477] (20e0cc140) DEBUG  Frame duration: 19 ms
[00:00:11.480] (20e0cc140) DEBUG  []
[00:00:11.480] (20e0cc140) DEBUG  Time remaining: 13 ms
[00:00:11.495] (20e0cc140) DEBUG  Frame duration: 17 ms
[00:00:11.498] (20e0cc140) DEBUG  []
[00:00:11.498] (20e0cc140) DEBUG  Time remaining: 13 ms
[00:00:11.515] (20e0cc140) DEBUG  Frame duration: 19 ms
[00:00:11.518] (20e0cc140) DEBUG  []
[00:00:11.519] (20e0cc140) DEBUG  Time remaining: 13 ms
[00:00:11.536] (20e0cc140) DEBUG  Frame duration: 19 ms
[00:00:11.539] (20e0cc140) DEBUG  []
[00:00:11.539] (20e0cc140) DEBUG  Time remaining: 13 ms
[00:00:11.553] (20e0cc140) DEBUG  Frame duration: 16 ms
[00:00:11.556] (20e0cc140) DEBUG  []
[00:00:11.556] (20e0cc140) DEBUG  Time remaining: 13 ms
[00:00:11.571] (20e0cc140) DEBUG  Frame duration: 17 ms
[00:00:11.574] (20e0cc140) DEBUG  []
[00:00:11.574] (20e0cc140) DEBUG  Time remaining: 13 ms
[00:00:11.591] (20e0cc140) DEBUG  Frame duration: 19 ms
[00:00:11.594] (20e0cc140) DEBUG  []
[00:00:11.594] (20e0cc140) DEBUG  Time remaining: 13 ms
[00:00:11.608] (20e0cc140) DEBUG  Frame duration: 16 ms
[00:00:11.611] (20e0cc140) DEBUG  []
[00:00:11.611] (20e0cc140) DEBUG  Time remaining: 13 ms
[00:00:11.625] (20e0cc140) DEBUG  Frame duration: 16 ms
[00:00:11.628] (20e0cc140) DEBUG  []
[00:00:11.628] (20e0cc140) DEBUG  Time remaining: 13 ms
[00:00:11.645] (20e0cc140) DEBUG  Frame duration: 19 ms
[00:00:11.648] (20e0cc140) DEBUG  []
[00:00:11.649] (20e0cc140) DEBUG  Time remaining: 13 ms
[00:00:11.666] (20e0cc140) DEBUG  Frame duration: 20 ms
[00:00:11.669] (20e0cc140) DEBUG  []
[00:00:11.669] (20e0cc140) DEBUG  Time remaining: 13 ms
[00:00:11.686] (20e0cc140) DEBUG  Frame duration: 19 ms
[00:00:11.689] (20e0cc140) DEBUG  []
[00:00:11.689] (20e0cc140) DEBUG  Time remaining: 13 ms
[00:00:11.705] (20e0cc140) DEBUG  Frame duration: 19 ms
